Component: ARM Compiler 5.06 update 6 (build 750) Tool: armlink [4d35ed]

==============================================================================

Section Cross References

    startup_stm32l452xx.o(STACK) refers (Special) to heapauxi.o(.text) for __use_two_region_memory
    startup_stm32l452xx.o(HEAP) refers (Special) to heapauxi.o(.text) for __use_two_region_memory
    startup_stm32l452xx.o(RESET) refers (Special) to heapauxi.o(.text) for __use_two_region_memory
    startup_stm32l452xx.o(RESET) refers to startup_stm32l452xx.o(STACK) for __initial_sp
    startup_stm32l452xx.o(RESET) refers to startup_stm32l452xx.o(.text) for Reset_Handler
    startup_stm32l452xx.o(RESET) refers to stm32l4xx_it.o(i.NMI_Handler) for NMI_Handler
    startup_stm32l452xx.o(RESET) refers to stm32l4xx_it.o(i.HardFault_Handler) for HardFault_Handler
    startup_stm32l452xx.o(RESET) refers to stm32l4xx_it.o(i.MemManage_Handler) for MemManage_Handler
    startup_stm32l452xx.o(RESET) refers to stm32l4xx_it.o(i.BusFault_Handler) for BusFault_Handler
    startup_stm32l452xx.o(RESET) refers to stm32l4xx_it.o(i.UsageFault_Handler) for UsageFault_Handler
    startup_stm32l452xx.o(RESET) refers to stm32l4xx_it.o(i.SVC_Handler) for SVC_Handler
    startup_stm32l452xx.o(RESET) refers to stm32l4xx_it.o(i.DebugMon_Handler) for DebugMon_Handler
    startup_stm32l452xx.o(RESET) refers to stm32l4xx_it.o(i.PendSV_Handler) for PendSV_Handler
    startup_stm32l452xx.o(RESET) refers to stm32l4xx_it.o(i.SysTick_Handler) for SysTick_Handler
    startup_stm32l452xx.o(RESET) refers to rtc.o(i.RTC_WKUP_IRQHandler) for RTC_WKUP_IRQHandler
    startup_stm32l452xx.o(RESET) refers to timer.o(i.TIM2_IRQHandler) for TIM2_IRQHandler
    startup_stm32l452xx.o(RESET) refers to timer.o(i.TIM3_IRQHandler) for TIM3_IRQHandler
    startup_stm32l452xx.o(RESET) refers to usart.o(i.USART1_IRQHandler) for USART1_IRQHandler
    startup_stm32l452xx.o(RESET) refers to usart.o(i.USART2_IRQHandler) for USART2_IRQHandler
    startup_stm32l452xx.o(RESET) refers to rtc.o(i.RTC_Alarm_IRQHandler) for RTC_Alarm_IRQHandler
    startup_stm32l452xx.o(RESET) refers to stm32l4xx_hal_timebase_tim_template.o(i.TIM6_DAC_IRQHandler) for TIM6_DAC_IRQHandler
    startup_stm32l452xx.o(.text) refers (Special) to heapauxi.o(.text) for __use_two_region_memory
    startup_stm32l452xx.o(.text) refers to system_stm32l4xx.o(i.SystemInit) for SystemInit
    startup_stm32l452xx.o(.text) refers to __main.o(!!!main) for __main
    startup_stm32l452xx.o(.text) refers to startup_stm32l452xx.o(HEAP) for Heap_Mem
    startup_stm32l452xx.o(.text) refers to startup_stm32l452xx.o(STACK) for Stack_Mem
    stm32l4xx_hal.o(i.HAL_DeInit) refers to stm32l4xx_hal_msp_template.o(i.HAL_MspDeInit) for HAL_MspDeInit
    stm32l4xx_hal.o(i.HAL_Delay) refers to stm32l4xx_hal.o(i.HAL_GetTick) for HAL_GetTick
    stm32l4xx_hal.o(i.HAL_GetTick) refers to stm32l4xx_hal.o(.data) for uwTick
    stm32l4xx_hal.o(i.HAL_IncTick) refers to stm32l4xx_hal.o(.data) for uwTick
    stm32l4xx_hal.o(i.HAL_Init) refers to stm32l4xx_hal_cortex.o(i.HAL_NVIC_SetPriorityGrouping) for HAL_NVIC_SetPriorityGrouping
    stm32l4xx_hal.o(i.HAL_Init) refers to stm32l4xx_hal_timebase_tim_template.o(i.HAL_InitTick) for HAL_InitTick
    stm32l4xx_hal.o(i.HAL_Init) refers to stm32l4xx_hal_msp_template.o(i.HAL_MspInit) for HAL_MspInit
    stm32l4xx_hal.o(i.HAL_InitTick) refers to stm32l4xx_hal_cortex.o(i.HAL_SYSTICK_Config) for HAL_SYSTICK_Config
    stm32l4xx_hal.o(i.HAL_InitTick) refers to stm32l4xx_hal_cortex.o(i.HAL_NVIC_SetPriority) for HAL_NVIC_SetPriority
    stm32l4xx_hal.o(i.HAL_InitTick) refers to system_stm32l4xx.o(.data) for SystemCoreClock
    stm32l4xx_hal.o(i.HAL_SYSCFG_EnableVREFBUF) refers to stm32l4xx_hal.o(i.HAL_GetTick) for HAL_GetTick
    stm32l4xx_hal.o(i.HAL_SYSCFG_VREFBUF_HighImpedanceConfig) refers to main.o(i.assert_failed) for assert_failed
    stm32l4xx_hal.o(i.HAL_SYSCFG_VREFBUF_TrimmingConfig) refers to main.o(i.assert_failed) for assert_failed
    stm32l4xx_hal.o(i.HAL_SYSCFG_VREFBUF_VoltageScalingConfig) refers to main.o(i.assert_failed) for assert_failed
    stm32l4xx_hal_adc.o(i.ADC_ConversionStop) refers to main.o(i.assert_failed) for assert_failed
    stm32l4xx_hal_adc.o(i.ADC_ConversionStop) refers to stm32l4xx_hal.o(i.HAL_GetTick) for HAL_GetTick
    stm32l4xx_hal_adc.o(i.ADC_DMAConvCplt) refers to stm32l4xx_hal_adc.o(i.HAL_ADC_ConvCpltCallback) for HAL_ADC_ConvCpltCallback
    stm32l4xx_hal_adc.o(i.ADC_DMAConvCplt) refers to stm32l4xx_hal_adc.o(i.HAL_ADC_ErrorCallback) for HAL_ADC_ErrorCallback
    stm32l4xx_hal_adc.o(i.ADC_DMAError) refers to stm32l4xx_hal_adc.o(i.HAL_ADC_ErrorCallback) for HAL_ADC_ErrorCallback
    stm32l4xx_hal_adc.o(i.ADC_DMAHalfConvCplt) refers to stm32l4xx_hal_adc.o(i.HAL_ADC_ConvHalfCpltCallback) for HAL_ADC_ConvHalfCpltCallback
    stm32l4xx_hal_adc.o(i.ADC_Disable) refers to stm32l4xx_hal.o(i.HAL_GetTick) for HAL_GetTick
[...]
    $v0                                      0x08006bde   Number         0  fpinit.o(x$fpl$fpinit)
    x$fpl$fretinf                            0x08006be8   Section       10  fretinf.o(x$fpl$fretinf)
    $v0                                      0x08006be8   Number         0  fretinf.o(x$fpl$fretinf)
    x$fpl$printf1                            0x08006bf2   Section        4  printf1.o(x$fpl$printf1)
    $v0                                      0x08006bf2   Number         0  printf1.o(x$fpl$printf1)
    x$fpl$printf2                            0x08006bf6   Section        4  printf2.o(x$fpl$printf2)
    $v0                                      0x08006bf6   Number         0  printf2.o(x$fpl$printf2)
    .constdata                               0x08006bfa   Section     2072  oled.o(.constdata)
    x$fpl$usenofp                            0x08006bfa   Section        0  usenofp.o(x$fpl$usenofp)
    .constdata                               0x08007414   Section       72  system_stm32l4xx.o(.constdata)
    .constdata                               0x0800745c   Section        8  _printf_wctomb.o(.constdata)
    initial_mbstate                          0x0800745c   Data           8  _printf_wctomb.o(.constdata)
    .constdata                               0x08007464   Section       40  _printf_hex_int_ll_ptr.o(.constdata)
    uc_hextab                                0x08007464   Data          20  _printf_hex_int_ll_ptr.o(.constdata)
    lc_hextab                                0x08007478   Data          20  _printf_hex_int_ll_ptr.o(.constdata)
    .constdata                               0x0800748c   Section       17  __printf_flags_ss_wp.o(.constdata)
    maptable                                 0x0800748c   Data          17  __printf_flags_ss_wp.o(.constdata)
    .constdata                               0x0800749d   Section       38  _printf_fp_hex.o(.constdata)
    lc_hextab                                0x0800749d   Data          19  _printf_fp_hex.o(.constdata)
    uc_hextab                                0x080074b0   Data          19  _printf_fp_hex.o(.constdata)
    .constdata                               0x080074c4   Section      148  bigflt0.o(.constdata)
    tenpwrs_x                                0x080074c4   Data          60  bigflt0.o(.constdata)
    tenpwrs_i                                0x08007500   Data          64  bigflt0.o(.constdata)
    locale$$data                             0x08007578   Section       28  lc_numeric_c.o(locale$$data)
    __lcnum_c_name                           0x0800757c   Data           2  lc_numeric_c.o(locale$$data)
    __lcnum_c_start                          0x08007584   Data           0  lc_numeric_c.o(locale$$data)
    __lcnum_c_point                          0x08007590   Data           0  lc_numeric_c.o(locale$$data)
    __lcnum_c_thousands                      0x08007592   Data           0  lc_numeric_c.o(locale$$data)
    __lcnum_c_grouping                       0x08007593   Data           0  lc_numeric_c.o(locale$$data)
    locale$$data                             0x08007594   Section      272  lc_ctype_c.o(locale$$data)
    __lcnum_c_end                            0x08007594   Data           0  lc_numeric_c.o(locale$$data)
    __lcctype_c_name                         0x08007598   Data           2  lc_ctype_c.o(locale$$data)
    __lcctype_c_start                        0x080075a0   Data           0  lc_ctype_c.o(locale$$data)
    __lcctype_c_end                          0x080076a4   Data           0  lc_ctype_c.o(locale$$data)
    .data                                    0x20000000   Section        4  stm32l4xx_hal.o(.data)
    .data                                    0x20000004   Section        8  led.o(.data)
    softimersec                              0x20000008   Data           4  led.o(.data)
    .data                                    0x2000000c   Section        4  delay.o(.data)
    fac_us                                   0x2000000c   Data           1  delay.o(.data)
    fac_ms                                   0x2000000e   Data           2  delay.o(.data)
    .data                                    0x20000010   Section       16  timer.o(.data)
    .data                                    0x20000020   Section       21  usart.o(.data)
    .data                                    0x20000035   Section      896  oled.o(.data)
    .data                                    0x200003b8   Section        4  system_stm32l4xx.o(.data)
    .bss                                     0x200003bc   Section       64  stm32l4xx_hal_timebase_tim_template.o(.bss)
    .bss                                     0x200003fc   Section      128  timer.o(.bss)
    .bss                                     0x2000047c   Section      260  adc.o(.bss)
    .bss                                     0x20000580   Section     4822  usart.o(.bss)
    .bss                                     0x20001858   Section       36  rtc.o(.bss)
    .bss                                     0x2000187c   Section    11440  public.o(.bss)
    .bss                                     0x2000452c   Section       96  libspace.o(.bss)
    HEAP                                     0x20004590   Section      512  startup_stm32l452xx.o(HEAP)
    Heap_Mem                                 0x20004590   Data         512  startup_stm32l452xx.o(HEAP)
    STACK                                    0x20004790   Section     1024  startup_stm32l452xx.o(STACK)
    Stack_Mem                                0x20004790   Data        1024  startup_stm32l452xx.o(STACK)
    __initial_sp                             0x20004b90   Data           0  startup_stm32l452xx.o(STACK)

    Global Symbols

    Symbol Name                              Value     Ov Type        Size  Object(Section)

    BuildAttributes$$THM_ISAv4$E$P$D$K$B$S$7EM$VFPi3$EXTD16$VFPS$VFMA$PE$A:L22UL41UL21$X:L11$S22US41US21$IEEE1$IW$USESV6$~STKCKD$USESV7$~SHL$OTIME$ROPI$IEEEJ$EBA8$UX$STANDARDLIB$REQ8$PRES8$EABIv2 0x00000000   Number         0  anon$$obj.o ABSOLUTE
    __ARM_use_no_argv                        0x00000000   Number         0  main.o ABSOLUTE
    _printf_flags                            0x00000000   Number         0  printf_stubs.o ABSOLUTE
    _printf_return_value                     0x00000000   Number         0  printf_stubs.o ABSOLUTE
    _printf_sizespec                         0x00000000   Number         0  printf_stubs.o ABSOLUTE
    _printf_widthprec                        0x00000000   Number         0  printf_stubs.o ABSOLUTE
    __ARM_exceptions_init                     - Undefined Weak Reference
    __alloca_initialize                       - Undefined Weak Reference
    __arm_preinit_                            - Undefined Weak Reference
    __cpp_initialize__aeabi_                  - Undefined Weak Reference
    __cxa_finalize                            - Undefined Weak Reference
    __sigvec_lookup                           - Undefined Weak Reference
    _atexit_init                              - Undefined Weak Reference
    _call_atexit_fns                          - Undefined Weak Reference
    _clock_init                               - Undefined Weak Reference
    _fp_trap_init                             - Undefined Weak Reference
    _fp_trap_shutdown                         - Undefined Weak Reference
    _get_lc_collate                           - Undefined Weak Reference
    _get_lc_monetary                          - Undefined Weak Reference
    _get_lc_time                              - Undefined Weak Reference
    _getenv_init                              - Undefined Weak Reference
    _handle_redirection                       - Undefined Weak Reference
    _init_alloc                               - Undefined Weak Reference
    _init_user_alloc                          - Undefined Weak Reference
    _initio                                   - Undefined Weak Reference
    _printf_mbtowc                            - Undefined Weak Reference
    _printf_wc                                - Undefined Weak Reference
    _rand_init                                - Undefined Weak Reference
    _signal_finish                            - Undefined Weak Reference
    _signal_init                              - Undefined Weak Reference
    _terminate_alloc                          - Undefined Weak Reference
    _terminate_user_alloc                     - Undefined Weak Reference
    _terminateio                              - Undefined Weak Reference
    __Vectors_Size                           0x00000194   Number         0  startup_stm32l452xx.o ABSOLUTE
    __Vectors                                0x08000000   Data           4  startup_stm32l452xx.o(RESET)
    __Vectors_End                            0x08000194   Data           0  startup_stm32l452xx.o(RESET)
    __main                                   0x08000195   Thumb Code     8  __main.o(!!!main)
    __scatterload                            0x0800019d   Thumb Code     0  __scatter.o(!!!scatter)
    __scatterload_rt2                        0x0800019d   Thumb Code    44  __scatter.o(!!!scatter)
    __scatterload_rt2_thumb_only             0x0800019d   Thumb Code     0  __scatter.o(!!!scatter)
    __scatterload_null                       0x080001ab   Thumb Code     0  __scatter.o(!!!scatter)
    __decompress                             0x080001d1   Thumb Code    90  __dczerorl2.o(!!dczerorl2)
    __decompress1                            0x080001d1   Thumb Code     0  __dczerorl2.o(!!dczerorl2)
    __scatterload_zeroinit                   0x0800022d   Thumb Code    28  __scatter_zi.o(!!handler_zi)
    _printf_n                                0x08000249   Thumb Code     0  _printf_n.o(.ARM.Collect$$_printf_percent$$00000001)
    _printf_percent                          0x08000249   Thumb Code     0  _printf_percent.o(.ARM.Collect$$_printf_percent$$00000000)
    _printf_p                                0x0800024f   Thumb Code     0  _printf_p.o(.ARM.Collect$$_printf_percent$$00000002)
    _printf_f                                0x08000255   Thumb Code     0  _printf_f.o(.ARM.Collect$$_printf_percent$$00000003)
    _printf_e                                0x0800025b   Thumb Code     0  _printf_e.o(.ARM.Collect$$_printf_percent$$00000004)
    _printf_g                                0x08000261   Thumb Code     0  _printf_g.o(.ARM.Collect$$_printf_percent$$00000005)
    _printf_a                                0x08000267   Thumb Code     0  _printf_a.o(.ARM.Collect$$_printf_percent$$00000006)
    _printf_ll                               0x0800026d   Thumb Code     0  _printf_ll.o(.ARM.Collect$$_printf_percent$$00000007)
    _printf_i                                0x08000277   Thumb Code     0  _printf_i.o(.ARM.Collect$$_printf_percent$$00000008)
    _printf_d                                0x0800027d   Thumb Code     0  _printf_d.o(.ARM.Collect$$_printf_percent$$00000009)
    _printf_u                                0x08000283   Thumb Code     0  _printf_u.o(.ARM.Collect$$_printf_percent$$0000000A)
    _printf_o                                0x08000289   Thumb Code     0  _printf_o.o(.ARM.Collect$$_printf_percent$$0000000B)
    _printf_x                                0x0800028f   Thumb Code     0  _printf_x.o(.ARM.Collect$$_printf_percent$$0000000C)
    _printf_lli                              0x08000295   Thumb Code     0  _printf_lli.o(.ARM.Collect$$_printf_percent$$0000000D)
    _printf_lld                              0x0800029b   Thumb Code     0  _printf_lld.o(.ARM.Collect$$_printf_percent$$0000000E)
    _printf_llu                              0x080002a1   Thumb Code     0  _printf_llu.o(.ARM.Collect$$_printf_percent$$0000000F)
    _printf_llo                              0x080002a7   Thumb Code     0  _printf_llo.o(.ARM.Collect$$_printf_percent$$00000010)
    _printf_llx                              0x080002ad   Thumb Code     0  _printf_llx.o(.ARM.Collect$$_printf_percent$$00000011)
    _printf_l                                0x080002b3   Thumb Code     0  _printf_l.o(.ARM.Collect$$_printf_percent$$00000012)
    _printf_c                                0x080002bd   Thumb Code     0  _printf_c.o(.ARM.Collect$$_printf_percent$$00000013)
    _printf_s                                0x080002c3   Thumb Code     0  _printf_s.o(.ARM.Collect$$_printf_percent$$00000014)
    _printf_lc                               0x080002c9   Thumb Code     0  _printf_lc.o(.ARM.Collect$$_printf_percent$$00000015)
    _printf_ls                               0x080002cf   Thumb Code     0  _printf_ls.o(.ARM.Collect$$_printf_percent$$00000016)
    _printf_percent_end                      0x080002d5   Thumb Code     0  _printf_percent_end.o(.ARM.Collect$$_printf_percent$$00000017)
    __rt_lib_init                            0x080002d9   Thumb Code     0  libinit.o(.ARM.Collect$$libinit$$00000000)
    __rt_lib_init_fp_1                       0x080002db   Thumb Code     0  libinit2.o(.ARM.Collect$$libinit$$00000001)
    __rt_lib_init_heap_1                     0x080002df   Thumb Code     0  libinit2.o(.ARM.Collect$$libinit$$0000000A)
    __rt_lib_init_lc_common                  0x080002df   Thumb Code     0  libinit2.o(.ARM.Collect$$libinit$$0000000F)
    __rt_lib_init_preinit_1                  0x080002df   Thumb Code     0  libinit2.o(.ARM.Collect$$libinit$$00000004)
    __rt_lib_init_rand_1                     0x080002df   Thumb Code     0  libinit2.o(.ARM.Collect$$libinit$$0000000E)
    __rt_lib_init_user_alloc_1               0x080002df   Thumb Code     0  libinit2.o(.ARM.Collect$$libinit$$0000000C)
    __rt_lib_init_lc_collate_1               0x080002e5   Thumb Code     0  libinit2.o(.ARM.Collect$$libinit$$00000011)
    __rt_lib_init_lc_ctype_2                 0x080002e5   Thumb Code     0  libinit2.o(.ARM.Collect$$libinit$$00000012)
    __rt_lib_init_lc_ctype_1                 0x080002f1   Thumb Code     0  libinit2.o(.ARM.Collect$$libinit$$00000013)
    __rt_lib_init_lc_monetary_1              0x080002f1   Thumb Code     0  libinit2.o(.ARM.Collect$$libinit$$00000015)
    __rt_lib_init_lc_numeric_2               0x080002f1   Thumb Code     0  libinit2.o(.ARM.Collect$$libinit$$00000016)
    __rt_lib_init_alloca_1                   0x080002fb   Thumb Code     0  libinit2.o(.ARM.Collect$$libinit$$0000002E)
    __rt_lib_init_argv_1                     0x080002fb   Thumb Code     0  libinit2.o(.ARM.Collect$$libinit$$0000002C)
    __rt_lib_init_atexit_1                   0x080002fb   Thumb Code     0  libinit2.o(.ARM.Collect$$libinit$$0000001B)
    __rt_lib_init_clock_1                    0x080002fb   Thumb Code     0  libinit2.o(.ARM.Collect$$libinit$$00000021)
    __rt_lib_init_cpp_1                      0x080002fb   Thumb Code     0  libinit2.o(.ARM.Collect$$libinit$$00000032)
    __rt_lib_init_exceptions_1               0x080002fb   Thumb Code     0  libinit2.o(.ARM.Collect$$libinit$$00000030)
    __rt_lib_init_fp_trap_1                  0x080002fb   Thumb Code     0  libinit2.o(.ARM.Collect$$libinit$$0000001F)
    __rt_lib_init_getenv_1                   0x080002fb   Thumb Code     0  libinit2.o(.ARM.Collect$$libinit$$00000023)
    __rt_lib_init_lc_numeric_1               0x080002fb   Thumb Code     0  libinit2.o(.ARM.Collect$$libinit$$00000017)
    __rt_lib_init_lc_time_1                  0x080002fb   Thumb Code     0  libinit2.o(.ARM.Collect$$libinit$$00000019)
    __rt_lib_init_return                     0x080002fb   Thumb Code     0  libinit2.o(.ARM.Collect$$libinit$$00000033)
    __rt_lib_init_signal_1                   0x080002fb   Thumb Code     0  libinit2.o(.ARM.Collect$$libinit$$0000001D)
    __rt_lib_init_stdio_1                    0x080002fb   Thumb Code     0  libinit2.o(.ARM.Collect$$libinit$$00000025)
    __rt_lib_shutdown                        0x080002fd   Thumb Code     0  libshutdown.o(.ARM.Collect$$libshutdown$$00000000)
    __rt_lib_shutdown_cpp_1                  0x080002ff   Thumb Code     0  libshutdown2.o(.ARM.Collect$$libshutdown$$00000002)
    __rt_lib_shutdown_fp_trap_1              0x080002ff   Thumb Code     0  libshutdown2.o(.ARM.Collect$$libshutdown$$00000007)
    __rt_lib_shutdown_heap_1                 0x080002ff   Thumb Code     0  libshutdown2.o(.ARM.Collect$$libshutdown$$0000000F)
    __rt_lib_shutdown_return                 0x080002ff   Thumb Code     0  libshutdown2.o(.ARM.Collect$$libshutdown$$00000010)
    __rt_lib_shutdown_signal_1               0x080002ff   Thumb Code     0  libshutdown2.o(.ARM.Collect$$libshutdown$$0000000A)
    __rt_lib_shutdown_stdio_1                0x080002ff   Thumb Code     0  libshutdown2.o(.ARM.Collect$$libshutdown$$00000004)
    __rt_lib_shutdown_user_alloc_1           0x080002ff   Thumb Code     0  libshutdown2.o(.ARM.Collect$$libshutdown$$0000000C)
    __rt_entry                               0x08000301   Thumb Code     0  __rtentry.o(.ARM.Collect$$rtentry$$00000000)
    __rt_entry_presh_1                       0x08000301   Thumb Code     0  __rtentry2.o(.ARM.Collect$$rtentry$$00000002)
    __rt_entry_sh                            0x08000301   Thumb Code     0  __rtentry4.o(.ARM.Collect$$rtentry$$00000004)
    __rt_entry_li                            0x08000307   Thumb Code     0  __rtentry2.o(.ARM.Collect$$rtentry$$0000000A)
    __rt_entry_postsh_1                      0x08000307   Thumb Code     0  __rtentry2.o(.ARM.Collect$$rtentry$$00000009)
    __rt_entry_main                          0x0800030b   Thumb Code     0  __rtentry2.o(.ARM.Collect$$rtentry$$0000000D)
    __rt_entry_postli_1                      0x0800030b   Thumb Code     0  __rtentry2.o(.ARM.Collect$$rtentry$$0000000C)
    __rt_exit                                0x08000313   Thumb Code     0  rtexit.o(.ARM.Collect$$rtexit$$00000000)
    __rt_exit_ls                             0x08000315   Thumb Code     0  rtexit2.o(.ARM.Collect$$rtexit$$00000003)
    __rt_exit_prels_1                        0x08000315   Thumb Code     0  rtexit2.o(.ARM.Collect$$rtexit$$00000002)
    __rt_exit_exit                           0x08000319   Thumb Code     0  rtexit2.o(.ARM.Collect$$rtexit$$00000004)
    Reset_Handler                            0x08000321   Thumb Code     8  startup_stm32l452xx.o(.text)
    ADC1_IRQHandler                          0x0800033b   Thumb Code     0  startup_stm32l452xx.o(.text)
    CAN1_RX0_IRQHandler                      0x0800033b   Thumb Code     0  startup_stm32l452xx.o(.text)
    CAN1_RX1_IRQHandler                      0x0800033b   Thumb Code     0  startup_stm32l452xx.o(.text)
    CAN1_SCE_IRQHandler                      0x0800033b   Thumb Code     0  startup_stm32l452xx.o(.text)
    CAN1_TX_IRQHandler                       0x0800033b   Thumb Code     0  startup_stm32l452xx.o(.text)
    COMP_IRQHandler                          0x0800033b   Thumb Code     0  startup_stm32l452xx.o(.text)
    CRS_IRQHandler                           0x0800033b   Thumb Code     0  startup_stm32l452xx.o(.text)
    DFSDM1_FLT0_IRQHandler                   0x0800033b   Thumb Code     0  startup_stm32l452xx.o(.text)
    DFSDM1_FLT1_IRQHandler                   0x0800033b   Thumb Code     0  startup_stm32l452xx.o(.text)
    DMA1_Channel1_IRQHandler                 0x0800033b   Thumb Code     0  startup_stm32l452xx.o(.text)
    DMA1_Channel2_IRQHandler                 0x0800033b   Thumb Code     0  startup_stm32l452xx.o(.text)
    DMA1_Channel3_IRQHandler                 0x0800033b   Thumb Code     0  startup_stm32l452xx.o(.text)
    DMA1_Channel4_IRQHandler                 0x0800033b   Thumb Code     0  startup_stm32l452xx.o(.text)
    DMA1_Channel5_IRQHandler                 0x0800033b   Thumb Code     0  startup_stm32l452xx.o(.text)
    DMA1_Channel6_IRQHandler                 0x0800033b   Thumb Code     0  startup_stm32l452xx.o(.text)
    DMA1_Channel7_IRQHandler                 0x0800033b   Thumb Code     0  startup_stm32l452xx.o(.text)
    DMA2_Channel1_IRQHandler                 0x0800033b   Thumb Code     0  startup_stm32l452xx.o(.text)
    DMA2_Channel2_IRQHandler                 0x0800033b   Thumb Code     0  startup_stm32l452xx.o(.text)
    DMA2_Channel3_IRQHandler                 0x0800033b   Thumb Code     0  startup_stm32l452xx.o(.text)
    DMA2_Channel4_IRQHandler                 0x0800033b   Thumb Code     0  startup_stm32l452xx.o(.text)
    DMA2_Channel5_IRQHandler                 0x0800033b   Thumb Code     0  startup_stm32l452xx.o(.text)
    DMA2_Channel6_IRQHandler                 0x0800033b   Thumb Code     0  startup_stm32l452xx.o(.text)
    DMA2_Channel7_IRQHandler                 0x0800033b   Thumb Code     0  startup_stm32l452xx.o(.text)
    EXTI0_IRQHandler                         0x0800033b   Thumb Code     0  startup_stm32l452xx.o(.text)
    EXTI15_10_IRQHandler                     0x0800033b   Thumb Code     0  startup_stm32l452xx.o(.text)
    EXTI1_IRQHandler                         0x0800033b   Thumb Code     0  startup_stm32l452xx.o(.text)
    EXTI2_IRQHandler                         0x0800033b   Thumb Code     0  startup_stm32l452xx.o(.text)
    EXTI3_IRQHandler                         0x0800033b   Thumb Code     0  startup_stm32l452xx.o(.text)
    EXTI4_IRQHandler                         0x0800033b   Thumb Code     0  startup_stm32l452xx.o(.text)
    EXTI9_5_IRQHandler                       0x0800033b   Thumb Code     0  startup_stm32l452xx.o(.text)
    FLASH_IRQHandler                         0x0800033b   Thumb Code     0  startup_stm32l452xx.o(.text)
    FPU_IRQHandler                           0x0800033b   Thumb Code     0  startup_stm32l452xx.o(.text)
    I2C1_ER_IRQHandler                       0x0800033b   Thumb Code     0  startup_stm32l452xx.o(.text)
    I2C1_EV_IRQHandler                       0x0800033b   Thumb Code     0  startup_stm32l452xx.o(.text)
    I2C2_ER_IRQHandler                       0x0800033b   Thumb Code     0  startup_stm32l452xx.o(.text)
    I2C2_EV_IRQHandler                       0x0800033b   Thumb Code     0  startup_stm32l452xx.o(.text)
    I2C3_ER_IRQHandler                       0x0800033b   Thumb Code     0  startup_stm32l452xx.o(.text)
    I2C3_EV_IRQHandler                       0x0800033b   Thumb Code     0  startup_stm32l452xx.o(.text)
    I2C4_ER_IRQHandler                       0x0800033b   Thumb Code     0  startup_stm32l452xx.o(.text)
    I2C4_EV_IRQHandler                       0x0800033b   Thumb Code     0  startup_stm32l452xx.o(.text)
    LPTIM1_IRQHandler                        0x0800033b   Thumb Code     0  startup_stm32l452xx.o(.text)
    LPTIM2_IRQHandler                        0x0800033b   Thumb Code     0  startup_stm32l452xx.o(.text)
    LPUART1_IRQHandler                       0x0800033b   Thumb Code     0  startup_stm32l452xx.o(.text)
    PVD_PVM_IRQHandler                       0x0800033b   Thumb Code     0  startup_stm32l452xx.o(.text)
    QUADSPI_IRQHandler                       0x0800033b   Thumb Code     0  startup_stm32l452xx.o(.text)
    RCC_IRQHandler                           0x0800033b   Thumb Code     0  startup_stm32l452xx.o(.text)
    RNG_IRQHandler                           0x0800033b   Thumb Code     0  startup_stm32l452xx.o(.text)
    SAI1_IRQHandler                          0x0800033b   Thumb Code     0  startup_stm32l452xx.o(.text)
    SDMMC1_IRQHandler                        0x0800033b   Thumb Code     0  startup_stm32l452xx.o(.text)
    SPI1_IRQHandler                          0x0800033b   Thumb Code     0  startup_stm32l452xx.o(.text)
    SPI2_IRQHandler                          0x0800033b   Thumb Code     0  startup_stm32l452xx.o(.text)
    SPI3_IRQHandler                          0x0800033b   Thumb Code     0  startup_stm32l452xx.o(.text)
    TAMP_STAMP_IRQHandler                    0x0800033b   Thumb Code     0  startup_stm32l452xx.o(.text)
    TIM1_BRK_TIM15_IRQHandler                0x0800033b   Thumb Code     0  startup_stm32l452xx.o(.text)
    TIM1_CC_IRQHandler                       0x0800033b   Thumb Code     0  startup_stm32l452xx.o(.text)
    TIM1_TRG_COM_IRQHandler                  0x0800033b   Thumb Code     0  startup_stm32l452xx.o(.text)
    TIM1_UP_TIM16_IRQHandler                 0x0800033b   Thumb Code     0  startup_stm32l452xx.o(.text)
    TSC_IRQHandler                           0x0800033b   Thumb Code     0  startup_stm32l452xx.o(.text)
    UART4_IRQHandler                         0x0800033b   Thumb Code     0  startup_stm32l452xx.o(.text)
    USART3_IRQHandler                        0x0800033b   Thumb Code     0  startup_stm32l452xx.o(.text)
    USB_IRQHandler                           0x0800033b   Thumb Code     0  startup_stm32l452xx.o(.text)
    WWDG_IRQHandler                          0x0800033b   Thumb Code     0  startup_stm32l452xx.o(.text)
    __user_initial_stackheap                 0x0800033d   Thumb Code     0  startup_stm32l452xx.o(.text)
    __use_no_semihosting                     0x08000361   Thumb Code     2  use_no_semi_2.o(.text)
    __aeabi_uldivmod                         0x08000363   Thumb Code     0  lludivv7m.o(.text)
    _ll_udiv                                 0x08000363   Thumb Code   238  lludivv7m.o(.text)
    vsprintf                                 0x08000451   Thumb Code    32  vsprintf.o(.text)
    strlen                                   0x08000475   Thumb Code    62  strlen.o(.text)
    __aeabi_memcpy                           0x080004b3   Thumb Code     0  rt_memcpy_v6.o(.text)
    __rt_memcpy                              0x080004b3   Thumb Code   138  rt_memcpy_v6.o(.text)
    _memcpy_lastbytes                        0x08000519   Thumb Code     0  rt_memcpy_v6.o(.text)
    __aeabi_memcpy4                          0x0800053d   Thumb Code     0  rt_memcpy_w.o(.text)
    __aeabi_memcpy8                          0x0800053d   Thumb Code     0  rt_memcpy_w.o(.text)
    __rt_memcpy_w                            0x0800053d   Thumb Code   100  rt_memcpy_w.o(.text)
    _memcpy_lastbytes_aligned                0x08000585   Thumb Code     0  rt_memcpy_w.o(.text)
    __aeabi_memclr                           0x080005a1   Thumb Code     0  rt_memclr.o(.text)
    __rt_memclr                              0x080005a1   Thumb Code    68  rt_memclr.o(.text)
    _memset                                  0x080005a5   Thumb Code     0  rt_memclr.o(.text)
    __aeabi_memclr4                          0x080005e5   Thumb Code     0  rt_memclr_w.o(.text)
    __aeabi_memclr8                          0x080005e5   Thumb Code     0  rt_memclr_w.o(.text)
    __rt_memclr_w                            0x080005e5   Thumb Code    78  rt_memclr_w.o(.text)
    _memset_w                                0x080005e9   Thumb Code     0  rt_memclr_w.o(.text)
    __use_two_region_memory                  0x08000633   Thumb Code     2  heapauxi.o(.text)
    __rt_heap_escrow$2region                 0x08000635   Thumb Code     2  heapauxi.o(.text)
    __rt_heap_expand$2region                 0x08000637   Thumb Code     2  heapauxi.o(.text)
    __I$use$semihosting                      0x08000639   Thumb Code     0  use_no_semi.o(.text)
    __use_no_semihosting_swi                 0x08000639   Thumb Code     2  use_no_semi.o(.text)
    _printf_pre_padding                      0x0800063b   Thumb Code    44  _printf_pad.o(.text)
    _printf_post_padding                     0x08000667   Thumb Code    34  _printf_pad.o(.text)
    _printf_truncate_signed                  0x08000689   Thumb Code    18  _printf_truncate.o(.text)
    _printf_truncate_unsigned                0x0800069b   Thumb Code    18  _printf_truncate.o(.text)
    _printf_str                              0x080006ad   Thumb Code    82  _printf_str.o(.text)
    _printf_int_dec                          0x08000701   Thumb Code   104  _printf_dec.o(.text)
    _printf_charcount                        0x08000779   Thumb Code    40  _printf_charcount.o(.text)
    _printf_char_common                      0x080007ab   Thumb Code    32  _printf_char_common.o(.text)
    _sputc                                   0x080007d1   Thumb Code    10  _sputc.o(.text)
    _printf_wctomb                           0x080007dd   Thumb Code   182  _printf_wctomb.o(.text)
    _printf_longlong_dec                     0x080008a1   Thumb Code   108  _printf_longlong_dec.o(.text)
    _printf_longlong_oct                     0x0800091d   Thumb Code    66  _printf_oct_int_ll.o(.text)
    _printf_int_oct                          0x0800095f   Thumb Code    24  _printf_oct_int_ll.o(.text)
    _printf_ll_oct                           0x08000977   Thumb Code    12  _printf_oct_int_ll.o(.text)
    _printf_longlong_hex                     0x0800098d   Thumb Code    86  _printf_hex_int_ll_ptr.o(.text)
    _printf_int_hex                          0x080009e3   Thumb Code    28  _printf_hex_int_ll_ptr.o(.text)
    _printf_ll_hex                           0x080009ff   Thumb Code    12  _printf_hex_int_ll_ptr.o(.text)
    _printf_hex_ptr                          0x08000a0b   Thumb Code    18  _printf_hex_int_ll_ptr.o(.text)
    __printf                                 0x08000a21   Thumb Code   388  __printf_flags_ss_wp.o(.text)
    _ll_udiv10                               0x08000baf   Thumb Code   138  lludiv10.o(.text)
    _printf_int_common                       0x08000c39   Thumb Code   178  _printf_intcommon.o(.text)
    __lib_sel_fp_printf                      0x08000ceb   Thumb Code     2  _printf_fp_dec.o(.text)
    _printf_fp_dec_real                      0x08000e9d   Thumb Code   620  _printf_fp_dec.o(.text)
    _printf_fp_hex_real                      0x08001111   Thumb Code   756  _printf_fp_hex.o(.text)
    _printf_cs_common                        0x08001413   Thumb Code    20  _printf_char.o(.text)
    _printf_char                             0x08001427   Thumb Code    16  _printf_char.o(.text)
    _printf_string                           0x08001437   Thumb Code     8  _printf_char.o(.text)
    _printf_lcs_common                       0x0800143f   Thumb Code    20  _printf_wchar.o(.text)
    _printf_wchar                            0x08001453   Thumb Code    16  _printf_wchar.o(.text)
    _printf_wstring                          0x08001463   Thumb Code     8  _printf_wchar.o(.text)
    _wcrtomb                                 0x0800146b   Thumb Code    64  _wcrtomb.o(.text)
    __user_setup_stackheap                   0x080014ab   Thumb Code    74  sys_stackheap_outer.o(.text)
    __rt_ctype_table                         0x080014f5   Thumb Code    16  rt_ctype_table.o(.text)
    __rt_locale                              0x08001505   Thumb Code     8  rt_locale_intlibspace.o(.text)
    _printf_fp_infnan                        0x0800150d   Thumb Code   112  _printf_fp_infnan.o(.text)
    _btod_etento                             0x0800158d   Thumb Code   224  bigflt0.o(.text)
    exit                                     0x08001671   Thumb Code    18  exit.o(.text)
    __user_libspace                          0x08001685   Thumb Code     8  libspace.o(.text)
    __user_perproc_libspace                  0x08001685   Thumb Code     0  libspace.o(.text)
    __user_perthread_libspace                0x08001685   Thumb Code     0  libspace.o(.text)
    strcmp                                   0x0800168d   Thumb Code   128  strcmpv7m.o(.text)
    _btod_d2e                                0x0800170d   Thumb Code    62  btod.o(CL$$btod_d2e)
    _d2e_denorm_low                          0x0800174b   Thumb Code    70  btod.o(CL$$btod_d2e_denorm_low)
    _d2e_norm_op1                            0x08001791   Thumb Code    96  btod.o(CL$$btod_d2e_norm_op1)
    __btod_div_common                        0x080017f1   Thumb Code   696  btod.o(CL$$btod_div_common)
    _e2e                                     0x08001b29   Thumb Code   220  btod.o(CL$$btod_e2e)
    _btod_ediv                               0x08001c05   Thumb Code    42  btod.o(CL$$btod_ediv)
    _btod_emul                               0x08001c2f   Thumb Code    42  btod.o(CL$$btod_emul)
    __btod_mult_common                       0x08001c59   Thumb Code   580  btod.o(CL$$btod_mult_common)
    ADC_Enable                               0x08001e9d   Thumb Code   188  stm32l4xx_hal_adc.o(i.ADC_Enable)
    BusFault_Handler                         0x08001f65   Thumb Code     4  stm32l4xx_it.o(i.BusFault_Handler)
    DebugMon_Handler                         0x08001f69   Thumb Code     2  stm32l4xx_it.o(i.DebugMon_Handler)
    Get_Adc                                  0x08001f6d   Thumb Code    60  adc.o(i.Get_Adc)
    Get_Adc_Average                          0x08001fad   Thumb Code    42  adc.o(i.Get_Adc_Average)
    Get_CPU_Temprate                         0x08001fd9   Thumb Code    94  adc.o(i.Get_CPU_Temprate)
    Get_SysTick                              0x0800204d   Thumb Code     6  timer.o(i.Get_SysTick)
    Get_SysmilliTick                         0x08002059   Thumb Code     6  timer.o(i.Get_SysmilliTick)
    HAL_ADC_ConfigChannel                    0x08002065   Thumb Code  2124  stm32l4xx_hal_adc.o(i.HAL_ADC_ConfigChannel)
    HAL_ADC_GetValue                         0x080028d5   Thumb Code    30  stm32l4xx_hal_adc.o(i.HAL_ADC_GetValue)
    HAL_ADC_Init                             0x0800292d   Thumb Code  1404  stm32l4xx_hal_adc.o(i.HAL_ADC_Init)
    HAL_ADC_MspInit                          0x08002ea9   Thumb Code   116  adc.o(i.HAL_ADC_MspInit)
    HAL_ADC_PollForConversion                0x08002f2d   Thumb Code   218  stm32l4xx_hal_adc.o(i.HAL_ADC_PollForConversion)
    HAL_ADC_Start                            0x08003041   Thumb Code   180  stm32l4xx_hal_adc.o(i.HAL_ADC_Start)
    HAL_DMA_Init                             0x0800312d   Thumb Code   640  stm32l4xx_hal_dma.o(i.HAL_DMA_Init)
    HAL_GPIO_Init                            0x080033e9   Thumb Code   746  stm32l4xx_hal_gpio.o(i.HAL_GPIO_Init)
    HAL_GPIO_WritePin                        0x08003741   Thumb Code    58  stm32l4xx_hal_gpio.o(i.HAL_GPIO_WritePin)
    HAL_GetTick                              0x080037b1   Thumb Code     6  stm32l4xx_hal.o(i.HAL_GetTick)
    HAL_IncTick                              0x080037bd   Thumb Code    12  stm32l4xx_hal.o(i.HAL_IncTick)
    HAL_Init                                 0x080037cd   Thumb Code    22  stm32l4xx_hal.o(i.HAL_Init)
    HAL_InitTick                             0x080037e5   Thumb Code   132  stm32l4xx_hal_timebase_tim_template.o(i.HAL_InitTick)
    HAL_MspInit                              0x08003879   Thumb Code     2  stm32l4xx_hal_msp_template.o(i.HAL_MspInit)
    HAL_NVIC_EnableIRQ                       0x0800387d   Thumb Code    44  stm32l4xx_hal_cortex.o(i.HAL_NVIC_EnableIRQ)
    HAL_NVIC_SetPriority                     0x080038dd   Thumb Code   152  stm32l4xx_hal_cortex.o(i.HAL_NVIC_SetPriority)
    HAL_NVIC_SetPriorityGrouping             0x080039b1   Thumb Code    66  stm32l4xx_hal_cortex.o(i.HAL_NVIC_SetPriorityGrouping)
    HAL_PWREx_GetVoltageRange                0x08003a31   Thumb Code    10  stm32l4xx_hal_pwr_ex.o(i.HAL_PWREx_GetVoltageRange)
    HAL_RCC_ClockConfig                      0x08003a41   Thumb Code   720  stm32l4xx_hal_rcc.o(i.HAL_RCC_ClockConfig)
    HAL_RCC_GetClockConfig                   0x08003d55   Thumb Code    92  stm32l4xx_hal_rcc.o(i.HAL_RCC_GetClockConfig)
    HAL_RCC_GetHCLKFreq                      0x08003ded   Thumb Code     6  stm32l4xx_hal_rcc.o(i.HAL_RCC_GetHCLKFreq)
    HAL_RCC_GetPCLK1Freq                     0x08003df9   Thumb Code    22  stm32l4xx_hal_rcc.o(i.HAL_RCC_GetPCLK1Freq)
    HAL_RCC_GetPCLK2Freq                     0x08003e19   Thumb Code    22  stm32l4xx_hal_rcc.o(i.HAL_RCC_GetPCLK2Freq)
    HAL_RCC_GetSysClockFreq                  0x08003e39   Thumb Code   252  stm32l4xx_hal_rcc.o(i.HAL_RCC_GetSysClockFreq)
    HAL_RCC_OscConfig                        0x08003f45   Thumb Code  2292  stm32l4xx_hal_rcc.o(i.HAL_RCC_OscConfig)
    HAL_RTCEx_AlarmBEventCallback            0x08004841   Thumb Code     2  stm32l4xx_hal_rtc_ex.o(i.HAL_RTCEx_AlarmBEventCallback)
    HAL_RTCEx_WakeUpTimerEventCallback       0x08004843   Thumb Code     2  rtc.o(i.HAL_RTCEx_WakeUpTimerEventCallback)
    HAL_RTCEx_WakeUpTimerIRQHandler          0x08004845   Thumb Code    52  stm32l4xx_hal_rtc_ex.o(i.HAL_RTCEx_WakeUpTimerIRQHandler)
    HAL_RTC_AlarmAEventCallback              0x0800487d   Thumb Code     2  rtc.o(i.HAL_RTC_AlarmAEventCallback)
    HAL_RTC_AlarmIRQHandler                  0x08004881   Thumb Code   150  stm32l4xx_hal_rtc.o(i.HAL_RTC_AlarmIRQHandler)
    HAL_TIMEx_BreakCallback                  0x0800491d   Thumb Code     2  stm32l4xx_hal_tim_ex.o(i.HAL_TIMEx_BreakCallback)
    HAL_TIMEx_CommutationCallback            0x0800491f   Thumb Code     2  stm32l4xx_hal_tim_ex.o(i.HAL_TIMEx_CommutationCallback)
    HAL_TIM_Base_Init                        0x08004921   Thumb Code   198  stm32l4xx_hal_tim.o(i.HAL_TIM_Base_Init)
    HAL_TIM_Base_MspInit                     0x08004a31   Thumb Code   110  timer.o(i.HAL_TIM_Base_MspInit)
    HAL_TIM_Base_Start_IT                    0x08004aa9   Thumb Code    92  stm32l4xx_hal_tim.o(i.HAL_TIM_Base_Start_IT)
    HAL_TIM_IC_CaptureCallback               0x08004b4d   Thumb Code     2  stm32l4xx_hal_tim.o(i.HAL_TIM_IC_CaptureCallback)
    HAL_TIM_IRQHandler                       0x08004b4f   Thumb Code   406  stm32l4xx_hal_tim.o(i.HAL_TIM_IRQHandler)
    HAL_TIM_OC_DelayElapsedCallback          0x08004ce5   Thumb Code     2  stm32l4xx_hal_tim.o(i.HAL_TIM_OC_DelayElapsedCallback)
    HAL_TIM_PWM_PulseFinishedCallback        0x08004ce7   Thumb Code     2  stm32l4xx_hal_tim.o(i.HAL_TIM_PWM_PulseFinishedCallback)
    HAL_TIM_PeriodElapsedCallback            0x08004ce9   Thumb Code    10  stm32l4xx_hal_timebase_tim_template.o(i.HAL_TIM_PeriodElapsedCallback)
    HAL_TIM_TriggerCallback                  0x08004cf3   Thumb Code     2  stm32l4xx_hal_tim.o(i.HAL_TIM_TriggerCallback)
    HAL_UART_Init                            0x08004cf5   Thumb Code   222  stm32l4xx_hal_uart.o(i.HAL_UART_Init)
    HAL_UART_MspInit                         0x08004e1d   Thumb Code     2  stm32l4xx_hal_uart.o(i.HAL_UART_MspInit)
    HAL_UART_Receive_IT                      0x08004e21   Thumb Code   214  stm32l4xx_hal_uart.o(i.HAL_UART_Receive_IT)
    HAL_UART_RxCpltCallback                  0x08004f01   Thumb Code     2  stm32l4xx_hal_uart.o(i.HAL_UART_RxCpltCallback)
    HardFault_Handler                        0x08004f03   Thumb Code     4  stm32l4xx_it.o(i.HardFault_Handler)
    Led_Init                                 0x08004fe5   Thumb Code    74  led.o(i.Led_Init)
    Led_Off                                  0x08005035   Thumb Code    22  led.o(i.Led_Off)
    Led_On                                   0x08005051   Thumb Code    22  led.o(i.Led_On)
    Led_Status_Reversal                      0x0800506d   Thumb Code    20  led.o(i.Led_Status_Reversal)
    MemManage_Handler                        0x08005085   Thumb Code     4  stm32l4xx_it.o(i.MemManage_Handler)
    NMI_Handler                              0x08005089   Thumb Code     2  stm32l4xx_it.o(i.NMI_Handler)
    OLED_Clear                               0x080050c5   Thumb Code    64  oled.o(i.OLED_Clear)
    OLED_Clear_Line                          0x08005105   Thumb Code    72  oled.o(i.OLED_Clear_Line)
    OLED_Init                                0x0800514d   Thumb Code   370  oled.o(i.OLED_Init)
    OLED_Set_Pos                             0x080052c9   Thumb Code    46  oled.o(i.OLED_Set_Pos)
    OLED_ShowCHinese                         0x080052f9   Thumb Code    98  oled.o(i.OLED_ShowCHinese)
    OLED_ShowChar                            0x08005361   Thumb Code   106  oled.o(i.OLED_ShowChar)
    OLED_ShowNum                             0x080053d1   Thumb Code   132  oled.o(i.OLED_ShowNum)
    OLED_ShowString                          0x0800545b   Thumb Code    54  oled.o(i.OLED_ShowString)
    OLED_Show_task                           0x08005491   Thumb Code   164  oled.o(i.OLED_Show_task)
    OLED_WR_Byte                             0x08005555   Thumb Code   130  oled.o(i.OLED_WR_Byte)
    PendSV_Handler                           0x080055dd   Thumb Code     2  stm32l4xx_it.o(i.PendSV_Handler)
    Pipe1_Reset                              0x080055df   Thumb Code    28  public.o(i.Pipe1_Reset)
    Pipe_Block_Input                         0x080055fb   Thumb Code   152  public.o(i.Pipe_Block_Input)
    RTC_Alarm_IRQHandler                     0x08005735   Thumb Code    10  rtc.o(i.RTC_Alarm_IRQHandler)
    RTC_WKUP_IRQHandler                      0x08005745   Thumb Code    10  rtc.o(i.RTC_WKUP_IRQHandler)
    SVC_Handler                              0x08005755   Thumb Code     2  stm32l4xx_it.o(i.SVC_Handler)
    SysTick_Handler                          0x08005757   Thumb Code     8  stm32l4xx_it.o(i.SysTick_Handler)
    SysTick_init                             0x08005761   Thumb Code    56  delay.o(i.SysTick_init)
    SystemInit                               0x080057fd   Thumb Code    68  system_stm32l4xx.o(i.SystemInit)
    TIM2_IRQHandler                          0x0800584d   Thumb Code    20  timer.o(i.TIM2_IRQHandler)
    TIM2_Init                                0x08005869   Thumb Code    38  timer.o(i.TIM2_Init)
    TIM3_IRQHandler                          0x08005895   Thumb Code    30  timer.o(i.TIM3_IRQHandler)
    TIM3_Init                                0x080058c1   Thumb Code    36  timer.o(i.TIM3_Init)
    TIM6_DAC_IRQHandler                      0x080058ed   Thumb Code    10  stm32l4xx_hal_timebase_tim_template.o(i.TIM6_DAC_IRQHandler)
    TIM_Base_SetConfig                       0x080058fd   Thumb Code   114  stm32l4xx_hal_tim.o(i.TIM_Base_SetConfig)
    UART2_init                               0x08005981   Thumb Code   176  usart.o(i.UART2_init)
    UART_AdvFeatureConfig                    0x08005a45   Thumb Code   546  stm32l4xx_hal_uart.o(i.UART_AdvFeatureConfig)
    UART_CheckIdleState                      0x08005cad   Thumb Code   116  stm32l4xx_hal_uart.o(i.UART_CheckIdleState)
    UART_SetConfig                           0x08005df5   Thumb Code  1410  stm32l4xx_hal_uart.o(i.UART_SetConfig)
    UART_WaitOnFlagUntilTimeout              0x08006387   Thumb Code   108  stm32l4xx_hal_uart.o(i.UART_WaitOnFlagUntilTimeout)
    USART1_IRQHandler                        0x080063f5   Thumb Code   118  usart.o(i.USART1_IRQHandler)
    USART2_IRQHandler                        0x0800647d   Thumb Code    50  usart.o(i.USART2_IRQHandler)
    UsageFault_Handler                       0x080064c1   Thumb Code     4  stm32l4xx_it.o(i.UsageFault_Handler)
    __ARM_fpclassify                         0x080064c5   Thumb Code    48  fpclassify.o(i.__ARM_fpclassify)
    _is_digit                                0x080064f5   Thumb Code    14  __printf_wp.o(i._is_digit)
    _sys_exit                                0x08006503   Thumb Code     4  usart.o(i._sys_exit)
    adc_init                                 0x08006509   Thumb Code    54  adc.o(i.adc_init)
    assert_failed                            0x08006549   Thumb Code    38  main.o(i.assert_failed)
    delay_ms                                 0x080065a1   Thumb Code    56  delay.o(i.delay_ms)
    led_task                                 0x08006601   Thumb Code     8  led.o(i.led_task)
    main                                     0x08006609   Thumb Code   186  main.o(i.main)
    oled_pow                                 0x080066dd   Thumb Code    22  oled.o(i.oled_pow)
    reset_uart_pipe2                         0x080066f5   Thumb Code    10  usart.o(i.reset_uart_pipe2)
    uart1_output                             0x08006705   Thumb Code    78  usart.o(i.uart1_output)
    uart1_printf                             0x08006759   Thumb Code    72  usart.o(i.uart1_printf)
    uart2_output                             0x080067a5   Thumb Code    78  usart.o(i.uart2_output)
    uart2_printf                             0x080067f9   Thumb Code    72  usart.o(i.uart2_printf)
    _get_lc_numeric                          0x08006845   Thumb Code    44  lc_numeric_c.o(locale$$code)
    _get_lc_ctype                            0x08006871   Thumb Code    44  lc_ctype_c.o(locale$$code)
    __aeabi_d2f                              0x0800689d   Thumb Code     0  d2f.o(x$fpl$d2f)
    _d2f                                     0x0800689d   Thumb Code    98  d2f.o(x$fpl$d2f)
    __aeabi_dmul                             0x08006901   Thumb Code     0  dmul.o(x$fpl$dmul)
    _dmul                                    0x08006901   Thumb Code   332  dmul.o(x$fpl$dmul)
    __fpl_dnaninf                            0x08006a55   Thumb Code   156  dnaninf.o(x$fpl$dnaninf)
    __fpl_dretinf                            0x08006af1   Thumb Code    12  dretinf.o(x$fpl$dretinf)
    __aeabi_f2d                              0x08006afd   Thumb Code     0  f2d.o(x$fpl$f2d)
    _f2d                                     0x08006afd   Thumb Code    86  f2d.o(x$fpl$f2d)
    __fpl_fnaninf                            0x08006b53   Thumb Code   140  fnaninf.o(x$fpl$fnaninf)
    _fp_init                                 0x08006bdf   Thumb Code    10  fpinit.o(x$fpl$fpinit)
    __fplib_config_fpu_vfp                   0x08006be7   Thumb Code     0  fpinit.o(x$fpl$fpinit)
    __fplib_config_pureend_doubles           0x08006be7   Thumb Code     0  fpinit.o(x$fpl$fpinit)
    __fpl_fretinf                            0x08006be9   Thumb Code    10  fretinf.o(x$fpl$fretinf)
    _printf_fp_dec                           0x08006bf3   Thumb Code     4  printf1.o(x$fpl$printf1)
    _printf_fp_hex                           0x08006bf7   Thumb Code     4  printf2.o(x$fpl$printf2)
    F6x8                                     0x08006bfa   Data         552  oled.o(.constdata)
    __I$use$fp                               0x08006bfa   Number         0  usenofp.o(x$fpl$usenofp)
    F8X16                                    0x08006e22   Data        1520  oled.o(.constdata)
    AHBPrescTable                            0x08007414   Data          16  system_stm32l4xx.o(.constdata)
    APBPrescTable                            0x08007424   Data           8  system_stm32l4xx.o(.constdata)
    MSIRangeTable                            0x0800742c   Data          48  system_stm32l4xx.o(.constdata)
    Region$$Table$$Base                      0x08007558   Number         0  anon$$obj.o(Region$$Table)
    Region$$Table$$Limit                     0x08007578   Number         0  anon$$obj.o(Region$$Table)
    __ctype                                  0x080075a1   Data           0  lc_ctype_c.o(locale$$data)
    uwTick                                   0x20000000   Data           4  stm32l4xx_hal.o(.data)
    led_on_flag                              0x20000004   Data           1  led.o(.data)
    sec_tick                                 0x20000010   Data           4  timer.o(.data)
    runsec_tick                              0x20000014   Data           4  timer.o(.data)
    millisec_tick                            0x20000018   Data           4  timer.o(.data)
    wifi_delay_millisec                      0x2000001c   Data           4  timer.o(.data)
    __stdout                                 0x20000020   Data           4  usart.o(.data)
    aRxBuffer                                0x20000024   Data           1  usart.o(.data)
    uart_pipe2_log                           0x20000025   Data          16  usart.o(.data)
    Hzk                                      0x20000035   Data         448  oled.o(.data)
    BeiDouYun                                0x200001f5   Data         448  oled.o(.data)
    SystemCoreClock                          0x200003b8   Data           4  system_stm32l4xx.o(.data)
    TimHandle                                0x200003bc   Data          64  stm32l4xx_hal_timebase_tim_template.o(.bss)
    TIM2_Handler                             0x200003fc   Data          64  timer.o(.bss)
    TIM3_Handler                             0x2000043c   Data          64  timer.o(.bss)
    AD_Value                                 0x2000047c   Data          80  adc.o(.bss)
    ADC1_Handler                             0x200004cc   Data         108  adc.o(.bss)
    DMA_Handler                              0x20000538   Data          72  adc.o(.bss)
    UART1_Handler                            0x20000580   Data         120  usart.o(.bss)
    UART2_Handler                            0x200005f8   Data         120  usart.o(.bss)
    UART3_Handler                            0x20000670   Data         120  usart.o(.bss)
    UART4_Handler                            0x200006e8   Data         120  usart.o(.bss)
    GPIO_Init                                0x20000760   Data          20  usart.o(.bss)
    uart1_pipe                               0x20000774   Data        4106  usart.o(.bss)
    uart2_pipe                               0x2000177e   Data          16  usart.o(.bss)
    USART2_RX_LOG_BUFER                      0x2000178e   Data         200  usart.o(.bss)
    RTC_Handler                              0x20001858   Data          36  rtc.o(.bss)
    _txBuffer                                0x2000187c   Data        1200  public.o(.bss)
    PublicSendBuffer                         0x20001d2c   Data       10240  public.o(.bss)
    __libspace_start                         0x2000452c   Data          96  libspace.o(.bss)
    __temporary_stack_top$libspace           0x2000458c   Data           0  libspace.o(.bss)



==============================================================================

Memory Map of the image

  Image Entry point : 0x08000195

  Load Region LR_IROM1 (Base: 0x08000000, Size: 0x00007a60, Max: 0x00080000, ABSOLUTE, COMPRESSED[0x00007820])

    Execution Region ER_IROM1 (Exec base: 0x08000000, Load base: 0x08000000, Size: 0x000076a4, Max: 0x00080000, ABSOLUTE)

    Exec Addr    Load Addr    Size         Type   Attr      Idx    E Section Name        Object

    0x08000000   0x08000000   0x00000194   Data   RO            3    RESET               startup_stm32l452xx.o
    0x08000194   0x08000194   0x00000008   Code   RO         7486  * !!!main             c_w.l(__main.o)
    0x0800019c   0x0800019c   0x00000034   Code   RO         7845    !!!scatter          c_w.l(__scatter.o)
    0x080001d0   0x080001d0   0x0000005a   Code   RO         7843    !!dczerorl2         c_w.l(__dczerorl2.o)
    0x0800022a   0x0800022a   0x00000002   PAD
    0x0800022c   0x0800022c   0x0000001c   Code   RO         7847    !!handler_zi        c_w.l(__scatter_zi.o)
    0x08000248   0x08000248   0x00000000   Code   RO         7594    .ARM.Collect$$_printf_percent$$00000000  c_w.l(_printf_percent.o)
    0x08000248   0x08000248   0x00000006   Code   RO         7583    .ARM.Collect$$_printf_percent$$00000001  c_w.l(_printf_n.o)
    0x0800024e   0x0800024e   0x00000006   Code   RO         7585    .ARM.Collect$$_printf_percent$$00000002  c_w.l(_printf_p.o)
    0x08000254   0x08000254   0x00000006   Code   RO         7590    .ARM.Collect$$_printf_percent$$00000003  c_w.l(_printf_f.o)
    0x0800025a   0x0800025a   0x00000006   Code   RO         7591    .ARM.Collect$$_printf_percent$$00000004  c_w.l(_printf_e.o)
    0x08000260   0x08000260   0x00000006   Code   RO         7592    .ARM.Collect$$_printf_percent$$00000005  c_w.l(_printf_g.o)
    0x08000266   0x08000266   0x00000006   Code   RO         7593    .ARM.Collect$$_printf_percent$$00000006  c_w.l(_printf_a.o)
    0x0800026c   0x0800026c   0x0000000a   Code   RO         7598    .ARM.Collect$$_printf_percent$$00000007  c_w.l(_printf_ll.o)
    0x08000276   0x08000276   0x00000006   Code   RO         7587    .ARM.Collect$$_printf_percent$$00000008  c_w.l(_printf_i.o)
    0x0800027c   0x0800027c   0x00000006   Code   RO         7588    .ARM.Collect$$_printf_percent$$00000009  c_w.l(_printf_d.o)
    0x08000282   0x08000282   0x00000006   Code   RO         7589    .ARM.Collect$$_printf_percent$$0000000A  c_w.l(_printf_u.o)
    0x08000288   0x08000288   0x00000006   Code   RO         7586    .ARM.Collect$$_printf_percent$$0000000B  c_w.l(_printf_o.o)
    0x0800028e   0x0800028e   0x00000006   Code   RO         7584    .ARM.Collect$$_printf_percent$$0000000C  c_w.l(_printf_x.o)
    0x08000294   0x08000294   0x00000006   Code   RO         7595    .ARM.Collect$$_printf_percent$$0000000D  c_w.l(_printf_lli.o)
    0x0800029a   0x0800029a   0x00000006   Code   RO         7596    .ARM.Collect$$_printf_percent$$0000000E  c_w.l(_printf_lld.o)
    0x080002a0   0x080002a0   0x00000006   Code   RO         7597    .ARM.Collect$$_printf_percent$$0000000F  c_w.l(_printf_llu.o)
    0x080002a6   0x080002a6   0x00000006   Code   RO         7602    .ARM.Collect$$_printf_percent$$00000010  c_w.l(_printf_llo.o)
    0x080002ac   0x080002ac   0x00000006   Code   RO         7603    .ARM.Collect$$_printf_percent$$00000011  c_w.l(_printf_llx.o)
    0x080002b2   0x080002b2   0x0000000a   Code   RO         7599    .ARM.Collect$$_printf_percent$$00000012  c_w.l(_printf_l.o)
    0x080002bc   0x080002bc   0x00000006   Code   RO         7581    .ARM.Collect$$_printf_percent$$00000013  c_w.l(_printf_c.o)
    0x080002c2   0x080002c2   0x00000006   Code   RO         7582    .ARM.Collect$$_printf_percent$$00000014  c_w.l(_printf_s.o)
    0x080002c8   0x080002c8   0x00000006   Code   RO         7600    .ARM.Collect$$_printf_percent$$00000015  c_w.l(_printf_lc.o)
    0x080002ce   0x080002ce   0x00000006   Code   RO         7601    .ARM.Collect$$_printf_percent$$00000016  c_w.l(_printf_ls.o)
    0x080002d4   0x080002d4   0x00000004   Code   RO         7655    .ARM.Collect$$_printf_percent$$00000017  c_w.l(_printf_percent_end.o)
    0x080002d8   0x080002d8   0x00000002   Code   RO         7708    .ARM.Collect$$libinit$$00000000  c_w.l(libinit.o)
    0x080002da   0x080002da   0x00000004   Code   RO         7729    .ARM.Collect$$libinit$$00000001  c_w.l(libinit2.o)
    0x080002de   0x080002de   0x00000000   Code   RO         7732    .ARM.Collect$$libinit$$00000004  c_w.l(libinit2.o)
    0x080002de   0x080002de   0x00000000   Code   RO         7735    .ARM.Collect$$libinit$$0000000A  c_w.l(libinit2.o)
    0x080002de   0x080002de   0x00000000   Code   RO         7737    .ARM.Collect$$libinit$$0000000C  c_w.l(libinit2.o)
    0x080002de   0x080002de   0x00000000   Code   RO         7739    .ARM.Collect$$libinit$$0000000E  c_w.l(libinit2.o)
    0x080002de   0x080002de   0x00000006   Code   RO         7740    .ARM.Collect$$libinit$$0000000F  c_w.l(libinit2.o)
    0x080002e4   0x080002e4   0x00000000   Code   RO         7742    .ARM.Collect$$libinit$$00000011  c_w.l(libinit2.o)
    0x080002e4   0x080002e4   0x0000000c   Code   RO         7743    .ARM.Collect$$libinit$$00000012  c_w.l(libinit2.o)
    0x080002f0   0x080002f0   0x00000000   Code   RO         7744    .ARM.Collect$$libinit$$00000013  c_w.l(libinit2.o)
    0x080002f0   0x080002f0   0x00000000   Code   RO         7746    .ARM.Collect$$libinit$$00000015  c_w.l(libinit2.o)
    0x080002f0   0x080002f0   0x0000000a   Code   RO         7747    .ARM.Collect$$libinit$$00000016  c_w.l(libinit2.o)
    0x080002fa   0x080002fa   0x00000000   Code   RO         7748    .ARM.Collect$$libinit$$00000017  c_w.l(libinit2.o)
    0x080002fa   0x080002fa   0x00000000   Code   RO         7750    .ARM.Collect$$libinit$$00000019  c_w.l(libinit2.o)
    0x080002fa   0x080002fa   0x00000000   Code   RO         7752    .ARM.Collect$$libinit$$0000001B  c_w.l(libinit2.o)
    0x080002fa   0x080002fa   0x00000000   Code   RO         7754    .ARM.Collect$$libinit$$0000001D  c_w.l(libinit2.o)
    0x080002fa   0x080002fa   0x00000000   Code   RO         7756    .ARM.Collect$$libinit$$0000001F  c_w.l(libinit2.o)
    0x080002fa   0x080002fa   0x00000000   Code   RO         7758    .ARM.Collect$$libinit$$00000021  c_w.l(libinit2.o)
    0x080002fa   0x080002fa   0x00000000   Code   RO         7760    .ARM.Collect$$libinit$$00000023  c_w.l(libinit2.o)
    0x080002fa   0x080002fa   0x00000000   Code   RO         7762    .ARM.Collect$$libinit$$00000025  c_w.l(libinit2.o)
    0x080002fa   0x080002fa   0x00000000   Code   RO         7766    .ARM.Collect$$libinit$$0000002C  c_w.l(libinit2.o)
    0x080002fa   0x080002fa   0x00000000   Code   RO         7768    .ARM.Collect$$libinit$$0000002E  c_w.l(libinit2.o)
    0x080002fa   0x080002fa   0x00000000   Code   RO         7770    .ARM.Collect$$libinit$$00000030  c_w.l(libinit2.o)
    0x080002fa   0x080002fa   0x00000000   Code   RO         7772    .ARM.Collect$$libinit$$00000032  c_w.l(libinit2.o)
    0x080002fa   0x080002fa   0x00000002   Code   RO         7773    .ARM.Collect$$libinit$$00000033  c_w.l(libinit2.o)
    0x080002fc   0x080002fc   0x00000002   Code   RO         7799    .ARM.Collect$$libshutdown$$00000000  c_w.l(libshutdown.o)
    0x080002fe   0x080002fe   0x00000000   Code   RO         7826    .ARM.Collect$$libshutdown$$00000002  c_w.l(libshutdown2.o)
    0x080002fe   0x080002fe   0x00000000   Code   RO         7828    .ARM.Collect$$libshutdown$$00000004  c_w.l(libshutdown2.o)
    0x080002fe   0x080002fe   0x00000000   Code   RO         7831    .ARM.Collect$$libshutdown$$00000007  c_w.l(libshutdown2.o)
    0x080002fe   0x080002fe   0x00000000   Code   RO         7834    .ARM.Collect$$libshutdown$$0000000A  c_w.l(libshutdown2.o)
    0x080002fe   0x080002fe   0x00000000   Code   RO         7836    .ARM.Collect$$libshutdown$$0000000C  c_w.l(libshutdown2.o)
    0x080002fe   0x080002fe   0x00000000   Code   RO         7839    .ARM.Collect$$libshutdown$$0000000F  c_w.l(libshutdown2.o)
    0x080002fe   0x080002fe   0x00000002   Code   RO         7840    .ARM.Collect$$libshutdown$$00000010  c_w.l(libshutdown2.o)
    0x08000300   0x08000300   0x00000000   Code   RO         7508    .ARM.Collect$$rtentry$$00000000  c_w.l(__rtentry.o)
    0x08000300   0x08000300   0x00000000   Code   RO         7624    .ARM.Collect$$rtentry$$00000002  c_w.l(__rtentry2.o)
    0x08000300   0x08000300   0x00000006   Code   RO         7636    .ARM.Collect$$rtentry$$00000004  c_w.l(__rtentry4.o)
    0x08000306   0x08000306   0x00000000   Code   RO         7626    .ARM.Collect$$rtentry$$00000009  c_w.l(__rtentry2.o)
    0x08000306   0x08000306   0x00000004   Code   RO         7627    .ARM.Collect$$rtentry$$0000000A  c_w.l(__rtentry2.o)
    0x0800030a   0x0800030a   0x00000000   Code   RO         7629    .ARM.Collect$$rtentry$$0000000C  c_w.l(__rtentry2.o)
    0x0800030a   0x0800030a   0x00000008   Code   RO         7630    .ARM.Collect$$rtentry$$0000000D  c_w.l(__rtentry2.o)
    0x08000312   0x08000312   0x00000002   Code   RO         7716    .ARM.Collect$$rtexit$$00000000  c_w.l(rtexit.o)
    0x08000314   0x08000314   0x00000000   Code   RO         7775    .ARM.Collect$$rtexit$$00000002  c_w.l(rtexit2.o)
    0x08000314   0x08000314   0x00000004   Code   RO         7776    .ARM.Collect$$rtexit$$00000003  c_w.l(rtexit2.o)
    0x08000318   0x08000318   0x00000006   Code   RO         7777    .ARM.Collect$$rtexit$$00000004  c_w.l(rtexit2.o)
    0x0800031e   0x0800031e   0x00000002   PAD
    0x08000320   0x08000320   0x00000040   Code   RO            4    .text               startup_stm32l452xx.o
    0x08000360   0x08000360   0x00000002   Code   RO         7466    .text               c_w.l(use_no_semi_2.o)
    0x08000362   0x08000362   0x000000ee   Code   RO         7468    .text               c_w.l(lludivv7m.o)
    0x08000450   0x08000450   0x00000024   Code   RO         7470    .text               c_w.l(vsprintf.o)
    0x08000474   0x08000474   0x0000003e   Code   RO         7472    .text               c_w.l(strlen.o)
    0x080004b2   0x080004b2   0x0000008a   Code   RO         7474    .text               c_w.l(rt_memcpy_v6.o)
    0x0800053c   0x0800053c   0x00000064   Code   RO         7478    .text               c_w.l(rt_memcpy_w.o)
    0x080005a0   0x080005a0   0x00000044   Code   RO         7480    .text               c_w.l(rt_memclr.o)
    0x080005e4   0x080005e4   0x0000004e   Code   RO         7482    .text               c_w.l(rt_memclr_w.o)
    0x08000632   0x08000632   0x00000006   Code   RO         7484    .text               c_w.l(heapauxi.o)
    0x08000638   0x08000638   0x00000002   Code   RO         7506    .text               c_w.l(use_no_semi.o)
    0x0800063a   0x0800063a   0x0000004e   Code   RO         7515    .text               c_w.l(_printf_pad.o)
    0x08000688   0x08000688   0x00000024   Code   RO         7517    .text               c_w.l(_printf_truncate.o)
    0x080006ac   0x080006ac   0x00000052   Code   RO         7519    .text               c_w.l(_printf_str.o)
    0x080006fe   0x080006fe   0x00000002   PAD
    0x08000700   0x08000700   0x00000078   Code   RO         7521    .text               c_w.l(_printf_dec.o)
    0x08000778   0x08000778   0x00000028   Code   RO         7523    .text               c_w.l(_printf_charcount.o)
    0x080007a0   0x080007a0   0x00000030   Code   RO         7525    .text               c_w.l(_printf_char_common.o)
    0x080007d0   0x080007d0   0x0000000a   Code   RO         7527    .text               c_w.l(_sputc.o)
    0x080007da   0x080007da   0x00000002   PAD
    0x080007dc   0x080007dc   0x000000c2   Code   RO         7529    .text               c_w.l(_printf_wctomb.o)
    0x0800089e   0x0800089e   0x00000002   PAD
    0x080008a0   0x080008a0   0x0000007c   Code   RO         7532    .text               c_w.l(_printf_longlong_dec.o)
    0x0800091c   0x0800091c   0x00000070   Code   RO         7538    .text               c_w.l(_printf_oct_int_ll.o)
    0x0800098c   0x0800098c   0x00000094   Code   RO         7558    .text               c_w.l(_printf_hex_int_ll_ptr.o)
    0x08000a20   0x08000a20   0x0000018e   Code   RO         7578    .text               c_w.l(__printf_flags_ss_wp.o)
    0x08000bae   0x08000bae   0x0000008a   Code   RO         7640    .text               c_w.l(lludiv10.o)
    0x08000c38   0x08000c38   0x000000b2   Code   RO         7642    .text               c_w.l(_printf_intcommon.o)
    0x08000cea   0x08000cea   0x00000424   Code   RO         7644    .text               c_w.l(_printf_fp_dec.o)
    0x0800110e   0x0800110e   0x00000002   PAD
    0x08001110   0x08001110   0x00000302   Code   RO         7646    .text               c_w.l(_printf_fp_hex.o)
    0x08001412   0x08001412   0x0000002c   Code   RO         7651    .text               c_w.l(_printf_char.o)
    0x0800143e   0x0800143e   0x0000002c   Code   RO         7653    .text               c_w.l(_printf_wchar.o)
    0x0800146a   0x0800146a   0x00000040   Code   RO         7656    .text               c_w.l(_wcrtomb.o)
    0x080014aa   0x080014aa   0x0000004a   Code   RO         7658    .text               c_w.l(sys_stackheap_outer.o)
    0x080014f4   0x080014f4   0x00000010   Code   RO         7660    .text               c_w.l(rt_ctype_table.o)
    0x08001504   0x08001504   0x00000008   Code   RO         7665    .text               c_w.l(rt_locale_intlibspace.o)
    0x0800150c   0x0800150c   0x00000080   Code   RO         7667    .text               c_w.l(_printf_fp_infnan.o)
    0x0800158c   0x0800158c   0x000000e4   Code   RO         7669    .text               c_w.l(bigflt0.o)
    0x08001670   0x08001670   0x00000012   Code   RO         7697    .text               c_w.l(exit.o)
    0x08001682   0x08001682   0x00000002   PAD
    0x08001684   0x08001684   0x00000008   Code   RO         7713    .text               c_w.l(libspace.o)
    0x0800168c   0x0800168c   0x00000080   Code   RO         7727    .text               c_w.l(strcmpv7m.o)
    0x0800170c   0x0800170c   0x0000003e   Code   RO         7672    CL$$btod_d2e        c_w.l(btod.o)
    0x0800174a   0x0800174a   0x00000046   Code   RO         7674    CL$$btod_d2e_denorm_low  c_w.l(btod.o)
    0x08001790   0x08001790   0x00000060   Code   RO         7673    CL$$btod_d2e_norm_op1  c_w.l(btod.o)
    0x080017f0   0x080017f0   0x00000338   Code   RO         7682    CL$$btod_div_common  c_w.l(btod.o)
    0x08001b28   0x08001b28   0x000000dc   Code   RO         7679    CL$$btod_e2e        c_w.l(btod.o)
    0x08001c04   0x08001c04   0x0000002a   Code   RO         7676    CL$$btod_ediv       c_w.l(btod.o)
    0x08001c2e   0x08001c2e   0x0000002a   Code   RO         7675    CL$$btod_emul       c_w.l(btod.o)
    0x08001c58   0x08001c58   0x00000244   Code   RO         7681    CL$$btod_mult_common  c_w.l(btod.o)
    0x08001e9c   0x08001e9c   0x000000c8   Code   RO          361    i.ADC_Enable        stm32l4xx_hal_adc.o
    0x08001f64   0x08001f64   0x00000004   Code   RO         7155    i.BusFault_Handler  stm32l4xx_it.o
    0x08001f68   0x08001f68   0x00000002   Code   RO         7156    i.DebugMon_Handler  stm32l4xx_it.o
    0x08001f6a   0x08001f6a   0x00000002   PAD
    0x08001f6c   0x08001f6c   0x00000040   Code   RO         6074    i.Get_Adc           adc.o
    0x08001fac   0x08001fac   0x0000002a   Code   RO         6075    i.Get_Adc_Average   adc.o
    0x08001fd6   0x08001fd6   0x00000002   PAD
    0x08001fd8   0x08001fd8   0x00000074   Code   RO         6076    i.Get_CPU_Temprate  adc.o
    0x0800204c   0x0800204c   0x0000000c   Code   RO         5986    i.Get_SysTick       timer.o
    0x08002058   0x08002058   0x0000000c   Code   RO         5987    i.Get_SysmilliTick  timer.o
    0x08002064   0x08002064   0x00000870   Code   RO          363    i.HAL_ADC_ConfigChannel  stm32l4xx_hal_adc.o
    0x080028d4   0x080028d4   0x00000058   Code   RO          370    i.HAL_ADC_GetValue  stm32l4xx_hal_adc.o
    0x0800292c   0x0800292c   0x0000057c   Code   RO          372    i.HAL_ADC_Init      stm32l4xx_hal_adc.o
    0x08002ea8   0x08002ea8   0x00000084   Code   RO         6077    i.HAL_ADC_MspInit   adc.o
    0x08002f2c   0x08002f2c   0x00000114   Code   RO          376    i.HAL_ADC_PollForConversion  stm32l4xx_hal_adc.o
    0x08003040   0x08003040   0x000000ec   Code   RO          378    i.HAL_ADC_Start     stm32l4xx_hal_adc.o
    0x0800312c   0x0800312c   0x000002bc   Code   RO         1315    i.HAL_DMA_Init      stm32l4xx_hal_dma.o
    0x080033e8   0x080033e8   0x00000358   Code   RO         1705    i.HAL_GPIO_Init     stm32l4xx_hal_gpio.o
    0x08003740   0x08003740   0x00000070   Code   RO         1709    i.HAL_GPIO_WritePin  stm32l4xx_hal_gpio.o
    0x080037b0   0x080037b0   0x0000000c   Code   RO           24    i.HAL_GetTick       stm32l4xx_hal.o
    0x080037bc   0x080037bc   0x00000010   Code   RO           28    i.HAL_IncTick       stm32l4xx_hal.o
    0x080037cc   0x080037cc   0x00000016   Code   RO           29    i.HAL_Init          stm32l4xx_hal.o
    0x080037e2   0x080037e2   0x00000002   PAD
    0x080037e4   0x080037e4   0x00000094   Code   RO         4799    i.HAL_InitTick      stm32l4xx_hal_timebase_tim_template.o
    0x08003878   0x08003878   0x00000002   Code   RO         1817    i.HAL_MspInit       stm32l4xx_hal_msp_template.o
    0x0800387a   0x0800387a   0x00000002   PAD
    0x0800387c   0x0800387c   0x00000060   Code   RO         1081    i.HAL_NVIC_EnableIRQ  stm32l4xx_hal_cortex.o
    0x080038dc   0x080038dc   0x000000d2   Code   RO         1087    i.HAL_NVIC_SetPriority  stm32l4xx_hal_cortex.o
    0x080039ae   0x080039ae   0x00000002   PAD
    0x080039b0   0x080039b0   0x00000080   Code   RO         1088    i.HAL_NVIC_SetPriorityGrouping  stm32l4xx_hal_cortex.o
    0x08003a30   0x08003a30   0x00000010   Code   RO         2407    i.HAL_PWREx_GetVoltageRange  stm32l4xx_hal_pwr_ex.o
    0x08003a40   0x08003a40   0x00000314   Code   RO         2622    i.HAL_RCC_ClockConfig  stm32l4xx_hal_rcc.o
    0x08003d54   0x08003d54   0x00000098   Code   RO         2625    i.HAL_RCC_GetClockConfig  stm32l4xx_hal_rcc.o
    0x08003dec   0x08003dec   0x0000000c   Code   RO         2626    i.HAL_RCC_GetHCLKFreq  stm32l4xx_hal_rcc.o
    0x08003df8   0x08003df8   0x00000020   Code   RO         2628    i.HAL_RCC_GetPCLK1Freq  stm32l4xx_hal_rcc.o
    0x08003e18   0x08003e18   0x00000020   Code   RO         2629    i.HAL_RCC_GetPCLK2Freq  stm32l4xx_hal_rcc.o
    0x08003e38   0x08003e38   0x0000010c   Code   RO         2630    i.HAL_RCC_GetSysClockFreq  stm32l4xx_hal_rcc.o
    0x08003f44   0x08003f44   0x000008fc   Code   RO         2633    i.HAL_RCC_OscConfig  stm32l4xx_hal_rcc.o
    0x08004840   0x08004840   0x00000002   Code   RO         3067    i.HAL_RTCEx_AlarmBEventCallback  stm32l4xx_hal_rtc_ex.o
    0x08004842   0x08004842   0x00000002   Code   RO         6424    i.HAL_RTCEx_WakeUpTimerEventCallback  rtc.o
    0x08004844   0x08004844   0x00000038   Code   RO         3103    i.HAL_RTCEx_WakeUpTimerIRQHandler  stm32l4xx_hal_rtc_ex.o
    0x0800487c   0x0800487c   0x00000002   Code   RO         6425    i.HAL_RTC_AlarmAEventCallback  rtc.o
    0x0800487e   0x0800487e   0x00000002   PAD
    0x08004880   0x08004880   0x0000009c   Code   RO         2926    i.HAL_RTC_AlarmIRQHandler  stm32l4xx_hal_rtc.o
    0x0800491c   0x0800491c   0x00000002   Code   RO         4544    i.HAL_TIMEx_BreakCallback  stm32l4xx_hal_tim_ex.o
    0x0800491e   0x0800491e   0x00000002   Code   RO         4545    i.HAL_TIMEx_CommutationCallback  stm32l4xx_hal_tim_ex.o
    0x08004920   0x08004920   0x00000110   Code   RO         3890    i.HAL_TIM_Base_Init  stm32l4xx_hal_tim.o
    0x08004a30   0x08004a30   0x00000078   Code   RO         5988    i.HAL_TIM_Base_MspInit  timer.o
    0x08004aa8   0x08004aa8   0x000000a4   Code   RO         3895    i.HAL_TIM_Base_Start_IT  stm32l4xx_hal_tim.o
    0x08004b4c   0x08004b4c   0x00000002   Code   RO         3919    i.HAL_TIM_IC_CaptureCallback  stm32l4xx_hal_tim.o
    0x08004b4e   0x08004b4e   0x00000196   Code   RO         3932    i.HAL_TIM_IRQHandler  stm32l4xx_hal_tim.o
    0x08004ce4   0x08004ce4   0x00000002   Code   RO         3935    i.HAL_TIM_OC_DelayElapsedCallback  stm32l4xx_hal_tim.o
    0x08004ce6   0x08004ce6   0x00000002   Code   RO         3962    i.HAL_TIM_PWM_PulseFinishedCallback  stm32l4xx_hal_tim.o
    0x08004ce8   0x08004ce8   0x0000000a   Code   RO         4802    i.HAL_TIM_PeriodElapsedCallback  stm32l4xx_hal_timebase_tim_template.o
    0x08004cf2   0x08004cf2   0x00000002   Code   RO         3973    i.HAL_TIM_TriggerCallback  stm32l4xx_hal_tim.o
    0x08004cf4   0x08004cf4   0x00000128   Code   RO         4902    i.HAL_UART_Init     stm32l4xx_hal_uart.o
    0x08004e1c   0x08004e1c   0x00000002   Code   RO         4904    i.HAL_UART_MspInit  stm32l4xx_hal_uart.o
    0x08004e1e   0x08004e1e   0x00000002   PAD
    0x08004e20   0x08004e20   0x000000e0   Code   RO         4907    i.HAL_UART_Receive_IT  stm32l4xx_hal_uart.o
    0x08004f00   0x08004f00   0x00000002   Code   RO         4908    i.HAL_UART_RxCpltCallback  stm32l4xx_hal_uart.o
    0x08004f02   0x08004f02   0x00000004   Code   RO         7157    i.HardFault_Handler  stm32l4xx_it.o
    0x08004f06   0x08004f06   0x00000002   PAD
    0x08004f08   0x08004f08   0x00000010   Code   RO          385    i.LL_ADC_Enable     stm32l4xx_hal_adc.o
    0x08004f18   0x08004f18   0x0000000a   Code   RO          386    i.LL_ADC_GetCommonPathInternalCh  stm32l4xx_hal_adc.o
    0x08004f22   0x08004f22   0x00000012   Code   RO          387    i.LL_ADC_GetOffsetChannel  stm32l4xx_hal_adc.o
    0x08004f34   0x08004f34   0x0000000a   Code   RO          388    i.LL_ADC_GetResolution  stm32l4xx_hal_adc.o
    0x08004f3e   0x08004f3e   0x0000000a   Code   RO          389    i.LL_ADC_IsInternalRegulatorEnabled  stm32l4xx_hal_adc.o
    0x08004f48   0x08004f48   0x0000000a   Code   RO          390    i.LL_ADC_REG_IsConversionOngoing  stm32l4xx_hal_adc.o
    0x08004f52   0x08004f52   0x00000002   PAD
    0x08004f54   0x08004f54   0x00000010   Code   RO          391    i.LL_ADC_REG_StartConversion  stm32l4xx_hal_adc.o
    0x08004f64   0x08004f64   0x00000052   Code   RO          393    i.LL_ADC_SetChannelSamplingTime  stm32l4xx_hal_adc.o
    0x08004fb6   0x08004fb6   0x0000000c   Code   RO          394    i.LL_ADC_SetCommonPathInternalCh  stm32l4xx_hal_adc.o
    0x08004fc2   0x08004fc2   0x00000016   Code   RO          395    i.LL_ADC_SetOffsetState  stm32l4xx_hal_adc.o
    0x08004fd8   0x08004fd8   0x0000000c   Code   RO          396    i.LL_ADC_SetSamplingTimeCommonConfig  stm32l4xx_hal_adc.o
    0x08004fe4   0x08004fe4   0x00000050   Code   RO         5819    i.Led_Init          led.o
    0x08005034   0x08005034   0x0000001c   Code   RO         5820    i.Led_Off           led.o
    0x08005050   0x08005050   0x0000001c   Code   RO         5821    i.Led_On            led.o
    0x0800506c   0x0800506c   0x00000018   Code   RO         5822    i.Led_Status_Reversal  led.o
    0x08005084   0x08005084   0x00000004   Code   RO         7158    i.MemManage_Handler  stm32l4xx_it.o
    0x08005088   0x08005088   0x00000002   Code   RO         7159    i.NMI_Handler       stm32l4xx_it.o
    0x0800508a   0x0800508a   0x00000002   PAD
    0x0800508c   0x0800508c   0x00000010   Code   RO         1094    i.NVIC_GetPriorityGrouping  stm32l4xx_hal_cortex.o
    0x0800509c   0x0800509c   0x00000028   Code   RO         1095    i.NVIC_SetPriority  stm32l4xx_hal_cortex.o
    0x080050c4   0x080050c4   0x00000040   Code   RO         6955    i.OLED_Clear        oled.o
    0x08005104   0x08005104   0x00000048   Code   RO         6956    i.OLED_Clear_Line   oled.o
    0x0800514c   0x0800514c   0x0000017c   Code   RO         6961    i.OLED_Init         oled.o
    0x080052c8   0x080052c8   0x0000002e   Code   RO         6963    i.OLED_Set_Pos      oled.o
    0x080052f6   0x080052f6   0x00000002   PAD
    0x080052f8   0x080052f8   0x00000068   Code   RO         6964    i.OLED_ShowCHinese  oled.o
    0x08005360   0x08005360   0x00000070   Code   RO         6965    i.OLED_ShowChar     oled.o
    0x080053d0   0x080053d0   0x0000008a   Code   RO         6967    i.OLED_ShowNum      oled.o
    0x0800545a   0x0800545a   0x00000036   Code   RO         6968    i.OLED_ShowString   oled.o
    0x08005490   0x08005490   0x000000c4   Code   RO         6969    i.OLED_Show_task    oled.o
    0x08005554   0x08005554   0x00000088   Code   RO         6970    i.OLED_WR_Byte      oled.o
    0x080055dc   0x080055dc   0x00000002   Code   RO         7160    i.PendSV_Handler    stm32l4xx_it.o
    0x080055de   0x080055de   0x0000001c   Code   RO         6699    i.Pipe1_Reset       public.o
    0x080055fa   0x080055fa   0x00000098   Code   RO         6700    i.Pipe_Block_Input  public.o
    0x08005692   0x08005692   0x00000002   PAD
    0x08005694   0x08005694   0x000000a0   Code   RO         2634    i.RCC_SetFlashLatencyFromMSIRange  stm32l4xx_hal_rcc.o
    0x08005734   0x08005734   0x00000010   Code   RO         6426    i.RTC_Alarm_IRQHandler  rtc.o
    0x08005744   0x08005744   0x00000010   Code   RO         6431    i.RTC_WKUP_IRQHandler  rtc.o
    0x08005754   0x08005754   0x00000002   Code   RO         7161    i.SVC_Handler       stm32l4xx_it.o
    0x08005756   0x08005756   0x00000008   Code   RO         7162    i.SysTick_Handler   stm32l4xx_it.o
    0x0800575e   0x0800575e   0x00000002   PAD
    0x08005760   0x08005760   0x00000040   Code   RO         5908    i.SysTick_init      delay.o
    0x080057a0   0x080057a0   0x0000005c   Code   RO         7104    i.SystemClock_Config  main.o
    0x080057fc   0x080057fc   0x00000050   Code   RO         7427    i.SystemInit        system_stm32l4xx.o
    0x0800584c   0x0800584c   0x0000001c   Code   RO         5990    i.TIM2_IRQHandler   timer.o
    0x08005868   0x08005868   0x0000002c   Code   RO         5991    i.TIM2_Init         timer.o
    0x08005894   0x08005894   0x0000002c   Code   RO         5992    i.TIM3_IRQHandler   timer.o
    0x080058c0   0x080058c0   0x0000002c   Code   RO         5993    i.TIM3_Init         timer.o
    0x080058ec   0x080058ec   0x00000010   Code   RO         4803    i.TIM6_DAC_IRQHandler  stm32l4xx_hal_timebase_tim_template.o
    0x080058fc   0x080058fc   0x00000084   Code   RO         3974    i.TIM_Base_SetConfig  stm32l4xx_hal_tim.o
    0x08005980   0x08005980   0x000000c4   Code   RO         6133    i.UART2_init        usart.o
    0x08005a44   0x08005a44   0x00000268   Code   RO         4915    i.UART_AdvFeatureConfig  stm32l4xx_hal_uart.o
    0x08005cac   0x08005cac   0x00000074   Code   RO         4916    i.UART_CheckIdleState  stm32l4xx_hal_uart.o
    0x08005d20   0x08005d20   0x0000006c   Code   RO         4930    i.UART_RxISR_16BIT  stm32l4xx_hal_uart.o
    0x08005d8c   0x08005d8c   0x00000066   Code   RO         4931    i.UART_RxISR_8BIT   stm32l4xx_hal_uart.o
    0x08005df2   0x08005df2   0x00000002   PAD
    0x08005df4   0x08005df4   0x00000592   Code   RO         4932    i.UART_SetConfig    stm32l4xx_hal_uart.o
    0x08006386   0x08006386   0x0000006c   Code   RO         4935    i.UART_WaitOnFlagUntilTimeout  stm32l4xx_hal_uart.o
    0x080063f2   0x080063f2   0x00000002   PAD
    0x080063f4   0x080063f4   0x00000088   Code   RO         6134    i.USART1_IRQHandler  usart.o
    0x0800647c   0x0800647c   0x00000044   Code   RO         6135    i.USART2_IRQHandler  usart.o
    0x080064c0   0x080064c0   0x00000004   Code   RO         7163    i.UsageFault_Handler  stm32l4xx_it.o
    0x080064c4   0x080064c4   0x00000030   Code   RO         7711    i.__ARM_fpclassify  m_wm.l(fpclassify.o)
    0x080064f4   0x080064f4   0x0000000e   Code   RO         7571    i._is_digit         c_w.l(__printf_wp.o)
    0x08006502   0x08006502   0x00000004   Code   RO         6136    i._sys_exit         usart.o
    0x08006506   0x08006506   0x00000002   PAD
    0x08006508   0x08006508   0x00000040   Code   RO         6078    i.adc_init          adc.o
    0x08006548   0x08006548   0x00000058   Code   RO         7105    i.assert_failed     main.o
    0x080065a0   0x080065a0   0x0000003c   Code   RO         5909    i.delay_ms          delay.o
    0x080065dc   0x080065dc   0x00000024   Code   RO         5823    i.led_loop          led.o
    0x08006600   0x08006600   0x00000008   Code   RO         5824    i.led_task          led.o
    0x08006608   0x08006608   0x000000d4   Code   RO         7106    i.main              main.o
    0x080066dc   0x080066dc   0x00000016   Code   RO         6972    i.oled_pow          oled.o
    0x080066f2   0x080066f2   0x00000002   PAD
    0x080066f4   0x080066f4   0x00000010   Code   RO         6138    i.reset_uart_pipe2  usart.o
    0x08006704   0x08006704   0x00000054   Code   RO         6139    i.uart1_output      usart.o
    0x08006758   0x08006758   0x0000004c   Code   RO         6140    i.uart1_printf      usart.o
    0x080067a4   0x080067a4   0x00000054   Code   RO         6141    i.uart2_output      usart.o
    0x080067f8   0x080067f8   0x0000004c   Code   RO         6142    i.uart2_printf      usart.o
    0x08006844   0x08006844   0x0000002c   Code   RO         7695    locale$$code        c_w.l(lc_numeric_c.o)
    0x08006870   0x08006870   0x0000002c   Code   RO         7721    locale$$code        c_w.l(lc_ctype_c.o)
    0x0800689c   0x0800689c   0x00000062   Code   RO         7488    x$fpl$d2f           fz_wm.l(d2f.o)
    0x080068fe   0x080068fe   0x00000002   PAD
    0x08006900   0x08006900   0x00000154   Code   RO         7502    x$fpl$dmul          fz_wm.l(dmul.o)
    0x08006a54   0x08006a54   0x0000009c   Code   RO         7606    x$fpl$dnaninf       fz_wm.l(dnaninf.o)
    0x08006af0   0x08006af0   0x0000000c   Code   RO         7608    x$fpl$dretinf       fz_wm.l(dretinf.o)
    0x08006afc   0x08006afc   0x00000056   Code   RO         7504    x$fpl$f2d           fz_wm.l(f2d.o)
    0x08006b52   0x08006b52   0x0000008c   Code   RO         7610    x$fpl$fnaninf       fz_wm.l(fnaninf.o)
    0x08006bde   0x08006bde   0x0000000a   Code   RO         7787    x$fpl$fpinit        fz_wm.l(fpinit.o)
    0x08006be8   0x08006be8   0x0000000a   Code   RO         7612    x$fpl$fretinf       fz_wm.l(fretinf.o)
    0x08006bf2   0x08006bf2   0x00000004   Code   RO         7614    x$fpl$printf1       fz_wm.l(printf1.o)
    0x08006bf6   0x08006bf6   0x00000004   Code   RO         7616    x$fpl$printf2       fz_wm.l(printf2.o)
    0x08006bfa   0x08006bfa   0x00000000   Code   RO         7622    x$fpl$usenofp       fz_wm.l(usenofp.o)
    0x08006bfa   0x08006bfa   0x00000818   Data   RO         6974    .constdata          oled.o
    0x08007412   0x08007412   0x00000002   PAD
    0x08007414   0x08007414   0x00000048   Data   RO         7428    .constdata          system_stm32l4xx.o
    0x0800745c   0x0800745c   0x00000008   Data   RO         7530    .constdata          c_w.l(_printf_wctomb.o)
    0x08007464   0x08007464   0x00000028   Data   RO         7559    .constdata          c_w.l(_printf_hex_int_ll_ptr.o)
    0x0800748c   0x0800748c   0x00000011   Data   RO         7579    .constdata          c_w.l(__printf_flags_ss_wp.o)
    0x0800749d   0x0800749d   0x00000026   Data   RO         7647    .constdata          c_w.l(_printf_fp_hex.o)
    0x080074c3   0x080074c3   0x00000001   PAD
    0x080074c4   0x080074c4   0x00000094   Data   RO         7670    .constdata          c_w.l(bigflt0.o)
    0x08007558   0x08007558   0x00000020   Data   RO         7841    Region$$Table       anon$$obj.o
    0x08007578   0x08007578   0x0000001c   Data   RO         7694    locale$$data        c_w.l(lc_numeric_c.o)
    0x08007594   0x08007594   0x00000110   Data   RO         7720    locale$$data        c_w.l(lc_ctype_c.o)


    Execution Region RW_IRAM1 (Exec base: 0x20000000, Load base: 0x080076a4, Size: 0x00004b90, Max: 0x00020000, ABSOLUTE, COMPRESSED[0x0000017c])

    Exec Addr    Load Addr    Size         Type   Attr      Idx    E Section Name        Object

    0x20000000   COMPRESSED   0x00000004   Data   RW           45    .data               stm32l4xx_hal.o
    0x20000004   COMPRESSED   0x00000008   Data   RW         5825    .data               led.o
    0x2000000c   COMPRESSED   0x00000004   Data   RW         5911    .data               delay.o
    0x20000010   COMPRESSED   0x00000010   Data   RW         5995    .data               timer.o
    0x20000020   COMPRESSED   0x00000015   Data   RW         6145    .data               usart.o
    0x20000035   COMPRESSED   0x00000380   Data   RW         6975    .data               oled.o
    0x200003b5   COMPRESSED   0x00000003   PAD
    0x200003b8   COMPRESSED   0x00000004   Data   RW         7429    .data               system_stm32l4xx.o
    0x200003bc        -       0x00000040   Zero   RW         4804    .bss                stm32l4xx_hal_timebase_tim_template.o
    0x200003fc        -       0x00000080   Zero   RW         5994    .bss                timer.o
    0x2000047c        -       0x00000104   Zero   RW         6079    .bss                adc.o
    0x20000580        -       0x000012d6   Zero   RW         6144    .bss                usart.o
    0x20001856   COMPRESSED   0x00000002   PAD
    0x20001858        -       0x00000024   Zero   RW         6433    .bss                rtc.o
    0x2000187c        -       0x00002cb0   Zero   RW         6716    .bss                public.o
    0x2000452c        -       0x00000060   Zero   RW         7714    .bss                c_w.l(libspace.o)
    0x2000458c   COMPRESSED   0x00000004   PAD
    0x20004590        -       0x00000200   Zero   RW            2    HEAP                startup_stm32l452xx.o
    0x20004790        -       0x00000400   Zero   RW            1    STACK               startup_stm32l452xx.o


==============================================================================

Image component sizes


      Code (inc. data)   RO Data    RW Data    ZI Data      Debug   Object Name

       418         52          0          0        260       3744   adc.o
       124         12          0          4          0       1206   delay.o
       204         26          0          8          0       5977   led.o
       392         76          0          0          0       1815   main.o
      1324         60       2072        896          0       8322   oled.o
       180          0          0          0      11440       3405   public.o
        36         12          0          0         36       2594   rtc.o
        64         26        404          0       1536        868   startup_stm32l452xx.o
        50         10          0          4          0     735828   stm32l4xx_hal.o
      4582        460          0          0          0      63531   stm32l4xx_hal_adc.o
       490        180          0          0          0      30138   stm32l4xx_hal_cortex.o
       700         60          0          0          0       1391   stm32l4xx_hal_dma.o
       968        164          0          0          0       2672   stm32l4xx_hal_gpio.o
         2          0          0          0          0        494   stm32l4xx_hal_msp_template.o
        16          6          0          0          0        544   stm32l4xx_hal_pwr_ex.o
      3744        260          0          0          0       7981   stm32l4xx_hal_rcc.o
       156          6          0          0          0       1122   stm32l4xx_hal_rtc.o
        58          4          0          0          0       2142   stm32l4xx_hal_rtc_ex.o
       982        164          0          0          0       5595   stm32l4xx_hal_tim.o
         4          0          0          0          0       1670   stm32l4xx_hal_tim_ex.o
       174         22          0          0         64       2873   stm32l4xx_hal_timebase_tim_template.o
      3000        258          0          0          0       8488   stm32l4xx_hal_uart.o
        32          0          0          0          0       4162   stm32l4xx_it.o
        80         12         72          4          0       1313   system_stm32l4xx.o
       304         58          0         16        128       5792   timer.o
       740         82          0         21       4822       7871   usart.o

    ----------------------------------------------------------------------
     18858       2010       2582        956      18288     911538   Object Totals
         0          0         32          0          0          0   (incl. Generated)
        34          0          2          3          2          0   (incl. Padding)

    ----------------------------------------------------------------------

      Code (inc. data)   RO Data    RW Data    ZI Data      Debug   Library Member Name

        90          0          0          0          0          0   __dczerorl2.o
         8          0          0          0          0         68   __main.o
       398          4         17          0          0         92   __printf_flags_ss_wp.o
        14          0          0          0          0         68   __printf_wp.o
         0          0          0          0          0          0   __rtentry.o
        12          0          0          0          0          0   __rtentry2.o
         6          0          0          0          0          0   __rtentry4.o
        52          8          0          0          0          0   __scatter.o
        28          0          0          0          0          0   __scatter_zi.o
         6          0          0          0          0          0   _printf_a.o
         6          0          0          0          0          0   _printf_c.o
        44          0          0          0          0        108   _printf_char.o
        48          6          0          0          0         96   _printf_char_common.o
        40          0          0          0          0         68   _printf_charcount.o
         6          0          0          0          0          0   _printf_d.o
       120         16          0          0          0         92   _printf_dec.o
         6          0          0          0          0          0   _printf_e.o
         6          0          0          0          0          0   _printf_f.o
      1060          0          0          0          0        216   _printf_fp_dec.o
       770          8         38          0          0        100   _printf_fp_hex.o
       128         16          0          0          0         84   _printf_fp_infnan.o
         6          0          0          0          0          0   _printf_g.o
       148          4         40          0          0        160   _printf_hex_int_ll_ptr.o
         6          0          0          0          0          0   _printf_i.o
       178          0          0          0          0         88   _printf_intcommon.o
        10          0          0          0          0          0   _printf_l.o
         6          0          0          0          0          0   _printf_lc.o
        10          0          0          0          0          0   _printf_ll.o
         6          0          0          0          0          0   _printf_lld.o
         6          0          0          0          0          0   _printf_lli.o
         6          0          0          0          0          0   _printf_llo.o
         6          0          0          0          0          0   _printf_llu.o
         6          0          0          0          0          0   _printf_llx.o
       124         16          0          0          0         92   _printf_longlong_dec.o
         6          0          0          0          0          0   _printf_ls.o
         6          0          0          0          0          0   _printf_n.o
         6          0          0          0          0          0   _printf_o.o
       112         10          0          0          0        124   _printf_oct_int_ll.o
         6          0          0          0          0          0   _printf_p.o
        78          0          0          0          0        108   _printf_pad.o
         0          0          0          0          0          0   _printf_percent.o
         4          0          0          0          0          0   _printf_percent_end.o
         6          0          0          0          0          0   _printf_s.o
        82          0          0          0          0         80   _printf_str.o
        36          0          0          0          0         84   _printf_truncate.o
         6          0          0          0          0          0   _printf_u.o
        44          0          0          0          0        108   _printf_wchar.o
       194          6          8          0          0         92   _printf_wctomb.o
         6          0          0          0          0          0   _printf_x.o
        10          0          0          0          0         68   _sputc.o
        64          0          0          0          0         92   _wcrtomb.o
       228          4        148          0          0         96   bigflt0.o
      1936        128          0          0          0        672   btod.o
        18          0          0          0          0         80   exit.o
         6          0          0          0          0        152   heapauxi.o
        44         10        272          0          0         76   lc_ctype_c.o
        44         10         28          0          0         76   lc_numeric_c.o
         2          0          0          0          0          0   libinit.o
        34          0          0          0          0          0   libinit2.o
         2          0          0          0          0          0   libshutdown.o
         2          0          0          0          0          0   libshutdown2.o
         8          4          0          0         96         68   libspace.o
       138          0          0          0          0         80   lludiv10.o
       238          0          0          0          0        100   lludivv7m.o
        16          4          0          0          0         76   rt_ctype_table.o
         8          4          0          0          0         68   rt_locale_intlibspace.o
        68          0          0          0          0         68   rt_memclr.o
        78          0          0          0          0         80   rt_memclr_w.o
       138          0          0          0          0         68   rt_memcpy_v6.o
       100          0          0          0          0         80   rt_memcpy_w.o
         2          0          0          0          0          0   rtexit.o
        10          0          0          0          0          0   rtexit2.o
       128          0          0          0          0         68   strcmpv7m.o
        62          0          0          0          0         76   strlen.o
        74          0          0          0          0         80   sys_stackheap_outer.o
         2          0          0          0          0         68   use_no_semi.o
         2          0          0          0          0         68   use_no_semi_2.o
        36          4          0          0          0         76   vsprintf.o
        98          4          0          0          0        140   d2f.o
       340         12          0          0          0        152   dmul.o
       156          4          0          0          0        140   dnaninf.o
        12          0          0          0          0        116   dretinf.o
        86          4          0          0          0        132   f2d.o
       140          4          0          0          0        132   fnaninf.o
        10          0          0          0          0        116   fpinit.o
        10          0          0          0          0        116   fretinf.o
         4          0          0          0          0        116   printf1.o
         4          0          0          0          0        116   printf2.o
         0          0          0          0          0          0   usenofp.o
        48          0          0          0          0        124   fpclassify.o

    ----------------------------------------------------------------------
      8380        290        552          0        100       5764   Library Totals
        16          0          1          0          4          0   (incl. Padding)

    ----------------------------------------------------------------------

      Code (inc. data)   RO Data    RW Data    ZI Data      Debug   Library Name

      7456        262        551          0         96       4364   c_w.l
       860         28          0          0          0       1276   fz_wm.l
        48          0          0          0          0        124   m_wm.l

    ----------------------------------------------------------------------
      8380        290        552          0        100       5764   Library Totals

    ----------------------------------------------------------------------

==============================================================================


      Code (inc. data)   RO Data    RW Data    ZI Data      Debug   

     27238       2300       3134        956      18388     902210   Grand Totals
     27238       2300       3134        380      18388     902210   ELF Image Totals (compressed)
     27238       2300       3134        380          0          0   ROM Totals

==============================================================================

    Total RO  Size (Code + RO Data)                30372 (  29.66kB)
    Total RW  Size (RW Data + ZI Data)             19344 (  18.89kB)
    Total ROM Size (Code + RO Data + RW Data)      30752 (  30.03kB)

==============================================================================

